==================================================
  声音分身 VoiceTwin v18.5 正在启动
  网页地址：http://127.0.0.1:7954
  浏览器没有自动打开？把上面的地址复制到浏览器地址栏
  使用期间请不要关闭这个黑色窗口（可以最小化）
  不要用鼠标点击这个黑色窗口里面；如果窗口标题出现「选择」两个字，按一下回车键就能继续
==================================================
Running on local URL:  http://127.0.0.1:7954
23:43:44 | 文字校正完成：检查了 1004 条，直接改好 143 处（123 条，存成没保存的修改），另外 0 条标红给了建议；0 条原来的标红被母本证明没错、已去掉，保留自动检查标红 1 条；用时 7.1 秒。
23:43:44 | 把所有的修改建议一次全部采用……
23:43:44 | 校正完了：一共改了 144 处
23:43:53 | 加载声纹模型，检查每段话是不是你本人的声音……
23:43:53 | 计算声纹 1/945
23:43:54 | 计算声纹 51/945
23:43:54 | 加载声纹模型，检查每段话是不是你本人的声音……
23:43:54 | 计算声纹 1/945
23:43:54 | 计算声纹 101/945
23:43:55 | 计算声纹 51/945
23:43:55 | 计算声纹 151/945
23:43:55 | 计算声纹 101/945
23:43:56 | 计算声纹 201/945
23:43:56 | 计算声纹 151/945
23:43:56 | 计算声纹 251/945
23:43:56 | 计算声纹 201/945
23:43:57 | 计算声纹 301/945
23:43:57 | 计算声纹 251/945
23:43:57 | 计算声纹 351/945
23:43:57 | 计算声纹 301/945
23:43:57 | 计算声纹 401/945
23:43:58 | 计算声纹 351/945
23:43:58 | 计算声纹 451/945
23:43:58 | 计算声纹 401/945
23:43:58 | 计算声纹 501/945
23:43:59 | 计算声纹 451/945
23:43:59 | 计算声纹 551/945
23:43:59 | 计算声纹 501/945
23:43:59 | 计算声纹 601/945
23:44:00 | 计算声纹 551/945
23:44:00 | 计算声纹 651/945
23:44:00 | 计算声纹 601/945
23:44:00 | 计算声纹 701/945
23:44:01 | 计算声纹 651/945
23:44:01 | 计算声纹 751/945
23:44:01 | 计算声纹 701/945
23:44:01 | 计算声纹 751/945
23:44:01 | 计算声纹 801/945
23:44:02 | 计算声纹 851/945
23:44:02 | 计算声纹 801/945
23:44:02 | 计算声纹 901/945
23:44:02 | 计算声纹 851/945
23:44:03 | 计算声纹 945/945
23:44:03 | 计算声纹 901/945
23:44:03 |   主参考（zh）：其次，这个关系代词最常见到的使用方式并不是代指某个先行词，也就是说它并不是单独代指某个对象。（3.99 秒）
23:44:04 | 计算声纹 945/945
23:44:04 |   主参考（zh）：其次，这个关系代词最常见到的使用方式并不是代指某个先行词，也就是说它并不是单独代指某个对象。（3.99 秒）
23:44:05 |   中文语速：10.97 音节/秒（不含停顿）
23:44:05 |   中文音高：151 Hz，起伏 0.7 半音
23:44:05 |   停顿习惯：逗号 0.25s / 句号 0.55s / 段落 1.10s
23:44:06 |   中文语速：10.97 音节/秒（不含停顿）
23:44:06 |   中文音高：151 Hz，起伏 0.7 半音
23:44:06 |   停顿习惯：逗号 0.25s / 句号 0.55s / 段落 1.10s
23:44:12 | 已保存母本：新讲稿.txt（共 26 字）
23:44:18 | 文字校正完成：检查了 945 条，直接改好 0 处（0 条，存成没保存的修改），另外 0 条标红给了建议；0 条原来的标红被母本证明没错、已去掉，保留自动检查标红 1 条；用时 5.9 秒。
23:44:18 | 把所有的修改建议一次全部采用……
23:44:18 | 校正完了：一共改了 0 处
