redimnet2-b6 zh: 86 in 51s
redimnet2-b6 zh_short: 151 in 82s
redimnet2-b6 en_short: 1200 in 136s
redimnet2-b6 en_cohort: 400 in 58s
redimnet2-b6 zh_cohort_extra: 22 in 7s
redimnet2-b6 clone: 178 in 79s
redimnet2-b6 rob_dsil: 86 in 22s
redimnet2-b6 rob_dn: 86 in 21s
redimnet2-b6 rob_quiet: 86 in 21s
redimnet2-b6 rob_loud: 86 in 21s
redimnet2-b6 rob_noisy: 86 in 23s
redimnet2-b6 rob_crop3: 86 in 13s
redimnet2-b6 rob_crop15: 86 in 7s
eres2netv2-zh zh: 86 in 19s
eres2netv2-zh zh_short: 151 in 22s
eres2netv2-zh en_short: 1200 in 160s
eres2netv2-zh en_cohort: 400 in 74s
eres2netv2-zh zh_cohort_extra: 22 in 6s
eres2netv2-zh clone: 178 in 58s
eres2netv2-zh rob_dsil: 86 in 19s
eres2netv2-zh rob_dn: 86 in 19s
eres2netv2-zh rob_quiet: 86 in 18s
eres2netv2-zh rob_loud: 86 in 18s
eres2netv2-zh rob_noisy: 86 in 19s
eres2netv2-zh rob_crop3: 86 in 14s
eres2netv2-zh rob_crop15: 86 in 11s
eres2net-base-zh zh: 86 in 13s
eres2net-base-zh zh_short: 151 in 13s
eres2net-base-zh en_short: 1200 in 95s
eres2net-base-zh en_cohort: 400 in 46s
eres2net-base-zh zh_cohort_extra: 22 in 4s
eres2net-base-zh clone: 178 in 37s
eres2net-base-zh rob_dsil: 86 in 12s
eres2net-base-zh rob_dn: 86 in 13s
eres2net-base-zh rob_quiet: 86 in 12s
eres2net-base-zh rob_loud: 86 in 12s
eres2net-base-zh rob_noisy: 86 in 13s
eres2net-base-zh rob_crop3: 86 in 9s
eres2net-base-zh rob_crop15: 86 in 7s
campplus-zh-en zh: 86 in 9s
campplus-zh-en zh_short: 151 in 11s
campplus-zh-en en_short: 1200 in 72s
