redimnet2-b6 zh: 86 in 22s
redimnet2-b6 zh_short: 151 in 23s
redimnet2-b6 en_short: 1200 in 223s
redimnet2-b6 en_cohort: 400 in 83s
redimnet2-b6 zh_cohort_extra: 22 in 8s
redimnet2-b6 clone: 178 in 91s
redimnet2-b6 rob_dsil: 86 in 22s
redimnet2-b6 rob_dn: 86 in 22s
redimnet2-b6 rob_quiet: 86 in 22s
redimnet2-b6 rob_loud: 86 in 21s
redimnet2-b6 rob_noisy: 86 in 22s
redimnet2-b6 rob_crop3: 86 in 12s
redimnet2-b6 rob_crop15: 86 in 7s
eres2netv2-zh zh: 86 in 19s
eres2netv2-zh zh_short: 151 in 21s
eres2netv2-zh en_short: 1200 in 164s
eres2netv2-zh en_cohort: 400 in 79s
eres2netv2-zh zh_cohort_extra: 22 in 6s
eres2netv2-zh clone: 178 in 55s
eres2netv2-zh rob_dsil: 86 in 19s
eres2netv2-zh rob_dn: 86 in 18s
eres2netv2-zh rob_quiet: 86 in 18s
eres2netv2-zh rob_loud: 86 in 18s
eres2netv2-zh rob_noisy: 86 in 18s
eres2netv2-zh rob_crop3: 86 in 14s
eres2netv2-zh rob_crop15: 86 in 11s
eres2net-base-zh zh: 86 in 12s
eres2net-base-zh zh_short: 151 in 11s
eres2net-base-zh en_short: 1200 in 93s
eres2net-base-zh en_cohort: 400 in 48s
eres2net-base-zh zh_cohort_extra: 22 in 4s
eres2net-base-zh clone: 178 in 32s
eres2net-base-zh rob_dsil: 86 in 11s
eres2net-base-zh rob_dn: 86 in 12s
eres2net-base-zh rob_quiet: 86 in 12s
eres2net-base-zh rob_loud: 86 in 11s
eres2net-base-zh rob_noisy: 86 in 12s
eres2net-base-zh rob_crop3: 86 in 9s
eres2net-base-zh rob_crop15: 86 in 5s
