=== 18:16:14 python3 embed_all.py wespeaker_zh_cnceleb_resnet34_LM eres2net_large titanet_large CAM++_LM resnet34_LM
3dspeaker_speech_eres2net_large_sv_zh-cn_3dspeaker_16k raw en_cohort: 400 in 206s
3dspeaker_speech_eres2net_large_sv_zh-cn_3dspeaker_16k raw zh: 86 in 57s
3dspeaker_speech_eres2net_large_sv_zh-cn_3dspeaker_16k raw clone: 178 in 158s
3dspeaker_speech_eres2net_large_sv_zh-cn_3dspeaker_16k raw en_short: 1200 in 166s
3dspeaker_speech_eres2net_large_sv_zh-cn_3dspeaker_16k raw zh_short: 151 in 28s
nemo_en_titanet_large raw en_eval: 600 in 37s
nemo_en_titanet_large raw en_cohort: 400 in 24s
nemo_en_titanet_large raw zh: 86 in 7s
nemo_en_titanet_large raw clone: 178 in 24s
nemo_en_titanet_large raw en_short: 1200 in 4843s
nemo_en_titanet_large raw zh_short: 151 in 5s
wespeaker_en_voxceleb_CAM++_LM raw en_eval: 600 in 19s
wespeaker_en_voxceleb_CAM++_LM raw en_cohort: 400 in 12s
wespeaker_en_voxceleb_CAM++_LM raw zh: 86 in 3s
wespeaker_en_voxceleb_CAM++_LM raw clone: 178 in 11s
wespeaker_en_voxceleb_CAM++_LM raw en_short: 1200 in 22s
wespeaker_en_voxceleb_CAM++_LM raw zh_short: 151 in 3s
wespeaker_en_voxceleb_resnet34_LM raw en_eval: 600 in 25s
wespeaker_en_voxceleb_resnet34_LM raw en_cohort: 400 in 16s
wespeaker_en_voxceleb_resnet34_LM raw zh: 86 in 4s
wespeaker_en_voxceleb_resnet34_LM raw clone: 178 in 16s
wespeaker_en_voxceleb_resnet34_LM raw en_short: 1200 in 25s
wespeaker_en_voxceleb_resnet34_LM raw zh_short: 151 in 3s
wespeaker_zh_cnceleb_resnet34_LM raw en_eval: 600 in 24s
wespeaker_zh_cnceleb_resnet34_LM raw en_cohort: 400 in 16s
wespeaker_zh_cnceleb_resnet34_LM raw zh: 86 in 5s
wespeaker_zh_cnceleb_resnet34_LM raw clone: 178 in 16s
wespeaker_zh_cnceleb_resnet34_LM raw en_short: 1200 in 25s
wespeaker_zh_cnceleb_resnet34_LM raw zh_short: 151 in 3s
=== 19:53:03 python3 embed_all.py resnet293_LM eres2net_sv_zh-cn resnet221_LM titanet_small eres2net_sv_en resnet152
3dspeaker_speech_eres2net_sv_en_voxceleb_16k raw en_eval: 600 in 30s
3dspeaker_speech_eres2net_sv_en_voxceleb_16k raw en_cohort: 400 in 20s
3dspeaker_speech_eres2net_sv_en_voxceleb_16k raw zh: 86 in 6s
3dspeaker_speech_eres2net_sv_en_voxceleb_16k raw clone: 178 in 20s
3dspeaker_speech_eres2net_sv_en_voxceleb_16k raw en_short: 1200 in 34s
3dspeaker_speech_eres2net_sv_en_voxceleb_16k raw zh_short: 151 in 4s
3dspeaker_speech_eres2net_sv_zh-cn_16k-common raw en_eval: 600 in 186s
3dspeaker_speech_eres2net_sv_zh-cn_16k-common raw en_cohort: 400 in 121s
3dspeaker_speech_eres2net_sv_zh-cn_16k-common raw zh: 86 in 34s
3dspeaker_speech_eres2net_sv_zh-cn_16k-common raw clone: 178 in 125s
3dspeaker_speech_eres2net_sv_zh-cn_16k-common raw en_short: 1200 in 196s
3dspeaker_speech_eres2net_sv_zh-cn_16k-common raw zh_short: 151 in 25s
nemo_en_titanet_small raw en_eval: 600 in 18s
nemo_en_titanet_small raw en_cohort: 400 in 12s
nemo_en_titanet_small raw zh: 86 in 3s
nemo_en_titanet_small raw clone: 178 in 12s
nemo_en_titanet_small raw en_short: 1200 in 18s
nemo_en_titanet_small raw zh_short: 151 in 2s
wespeaker_en_voxceleb_resnet152_LM raw en_eval: 600 in 86s
wespeaker_en_voxceleb_resnet152_LM raw en_cohort: 400 in 56s
wespeaker_en_voxceleb_resnet152_LM raw zh: 86 in 15s
wespeaker_en_voxceleb_resnet152_LM raw clone: 178 in 56s
wespeaker_en_voxceleb_resnet152_LM raw en_short: 1200 in 89s
wespeaker_en_voxceleb_resnet152_LM raw zh_short: 151 in 11s
