=== 17:14:44 tvenv/bin/python ort_wave_embed.py redimnet2_b6_cnc
redimnet2_b6_cnc raw en_short: 1200 in 122s
redimnet2_b6_cnc raw zh_short: 151 in 16s
redimnet2_b6_cnc vad en_eval: 600 in 84s
redimnet2_b6_cnc vad en_cohort: 400 in 54s
redimnet2_b6_cnc vad zh: 86 in 21s
redimnet2_b6_cnc vad clone: 178 in 104s
redimnet2_b6_cnc vad en_short: 1200 in 87s
redimnet2_b6_cnc vad zh_short: 151 in 15s
=== 17:23:13 python3 embed_all.py campplus_sv_zh_en eres2netv2_sv_zh-cn eres2net_base_200k campplus_sv_zh-cn
3dspeaker_speech_campplus_sv_zh-cn_16k-common raw en_short: 1200 in 21s
3dspeaker_speech_campplus_sv_zh-cn_16k-common raw zh_short: 151 in 3s
3dspeaker_speech_campplus_sv_zh-cn_16k-common vad en_short: 1200 in 16s
3dspeaker_speech_campplus_sv_zh-cn_16k-common vad zh_short: 151 in 3s
3dspeaker_speech_campplus_sv_zh_en_16k-common_advanced raw en_short: 1200 in 22s
3dspeaker_speech_campplus_sv_zh_en_16k-common_advanced raw zh_short: 151 in 3s
3dspeaker_speech_campplus_sv_zh_en_16k-common_advanced vad en_short: 1200 in 16s
3dspeaker_speech_campplus_sv_zh_en_16k-common_advanced vad zh_short: 151 in 3s
3dspeaker_speech_eres2net_base_200k_sv_zh-cn_16k-common raw clone: 178 in 20s
3dspeaker_speech_eres2net_base_200k_sv_zh-cn_16k-common raw en_short: 1200 in 37s
3dspeaker_speech_eres2net_base_200k_sv_zh-cn_16k-common raw zh_short: 151 in 6s
3dspeaker_speech_eres2net_base_200k_sv_zh-cn_16k-common vad clone: 178 in 18s
3dspeaker_speech_eres2net_base_200k_sv_zh-cn_16k-common vad en_short: 1200 in 24s
3dspeaker_speech_eres2net_base_200k_sv_zh-cn_16k-common vad zh_short: 151 in 4s
3dspeaker_speech_eres2netv2_sv_zh-cn_16k-common raw en_eval: 600 in 68s
3dspeaker_speech_eres2netv2_sv_zh-cn_16k-common raw en_cohort: 400 in 46s
3dspeaker_speech_eres2netv2_sv_zh-cn_16k-common raw zh: 86 in 12s
3dspeaker_speech_eres2netv2_sv_zh-cn_16k-common raw clone: 178 in 47s
3dspeaker_speech_eres2netv2_sv_zh-cn_16k-common raw en_short: 1200 in 76s
3dspeaker_speech_eres2netv2_sv_zh-cn_16k-common raw zh_short: 151 in 9s
3dspeaker_speech_eres2netv2_sv_zh-cn_16k-common vad en_eval: 600 in 46s
3dspeaker_speech_eres2netv2_sv_zh-cn_16k-common vad en_cohort: 400 in 30s
3dspeaker_speech_eres2netv2_sv_zh-cn_16k-common vad zh: 86 in 11s
3dspeaker_speech_eres2netv2_sv_zh-cn_16k-common vad clone: 178 in 61s
3dspeaker_speech_eres2netv2_sv_zh-cn_16k-common vad en_short: 1200 in 91s
3dspeaker_speech_eres2netv2_sv_zh-cn_16k-common vad zh_short: 151 in 10s
=== 17:35:04 tvenv/bin/python ort_wave_embed.py redimnet2_b3_cnc redimnet2_b6_vb2
