Running on local URL:  http://127.0.0.1:7871

To create a public link, set `share=True` in `launch()`.
02:24:43 | [1/3] 处理 第1课.mp4
02:24:46 |   使用字幕 第1课.srt（76 条）切分
02:25:09 | [2/3] 处理 第2课.mp4
02:25:11 |   使用字幕 第2课.srt（76 条）切分
02:25:34 | [3/3] 处理 第3课.mp4
02:25:36 |   使用字幕 第3课.srt（76 条）切分
02:25:58 | 分析每个片段的语速、停顿和音质……
02:26:01 | 过滤低质量片段、剔除不是你本人的声音……
02:26:02 | 声纹模型不可用，使用简易 MFCC 相似度（仅供参考）。建议安装：pip install webrtcvad-wheels && pip install resemblyzer --no-deps
02:26:02 | 计算声纹 0/228
02:26:02 | 计算声纹 50/228
02:26:03 | 计算声纹 100/228
02:26:03 | 计算声纹 150/228
02:26:03 | 计算声纹 200/228
02:26:04 | 挑选最具代表性的参考音频……
02:26:04 |   主参考（zh）：它和列表推导式非常相似，只是需要同时给出键和值。（5.14 秒）
02:26:04 |   主参考（en）：However, readability always comes first.（3.26 秒）
02:26:04 | 素材准备完成
02:26:07 |   中文语速：4.45 音节/秒（不含停顿）
02:26:07 |   中文音高：151 Hz，起伏 0.9 半音
02:26:07 |   英文语速：4.20 音节/秒（不含停顿）
02:26:07 |   英文音高：151 Hz，起伏 0.9 半音
02:26:07 |   停顿习惯：逗号 0.21s / 句号 0.87s / 段落 1.13s
02:26:11 | 计算声纹 0/228
02:26:11 | 计算声纹 50/228
02:26:11 | 计算声纹 100/228
02:26:11 | 计算声纹 150/228
02:26:11 | 计算声纹 200/228
02:26:12 |   主参考（zh）：它和列表推导式非常相似，只是需要同时给出键和值。（5.14 秒）
02:26:12 |   主参考（en）：However, readability always comes first.（3.26 秒）
02:26:14 |   中文语速：4.45 音节/秒（不含停顿）
02:26:14 |   中文音高：151 Hz，起伏 0.9 半音
02:26:14 |   英文语速：4.20 音节/秒（不含停顿）
02:26:14 |   英文音高：151 Hz，起伏 0.9 半音
02:26:14 |   停顿习惯：逗号 0.21s / 句号 0.87s / 段落 1.13s
02:26:24 | 计算声纹 0/228
02:26:24 | 计算声纹 50/228
02:26:24 | 计算声纹 100/228
02:26:24 | 计算声纹 150/228
02:26:24 | 计算声纹 200/228
02:26:24 |   主参考（zh）：它和列表推导式非常相似，只是需要同时给出键和值。（5.14 秒）
02:26:24 |   主参考（en）：However, readability always comes first.（3.26 秒）
02:26:27 |   中文语速：4.45 音节/秒（不含停顿）
02:26:27 |   中文音高：151 Hz，起伏 0.9 半音
02:26:27 |   英文语速：4.20 音节/秒（不含停顿）
02:26:27 |   英文音高：151 Hz，起伏 0.9 半音
02:26:27 |   停顿习惯：逗号 0.21s / 句号 0.87s / 段落 1.13s
02:27:34 | 训练素材：216 条，15.6 分钟；实验名 vt_433bc0；版本 v2ProPlus
02:27:34 | 训练参数：batch=6，SoVITS 8 轮，GPT 15 轮（显存 12.0 GB）
02:27:34 | 训练素材有变化，清理旧的特征文件后重新提取
02:27:34 | 1A 文本处理（音素 + BERT 特征）
02:27:34 | ▶ gsv_1a_text：<草稿目录>/m24/fakepy -s GPT_SoVITS/prepare_datasets/1-get-text.py …（日志：<草稿目录>/m24/ws/我的声音/logs/gsv_1a_text.log）
02:27:34 | 1B 提取 HuBERT 特征与说话人声纹
02:27:34 | ▶ gsv_1b_hubert：<草稿目录>/m24/fakepy -s GPT_SoVITS/prepare_datasets/2-get-hubert-wav32k.py …（日志：<草稿目录>/m24/ws/我的声音/logs/gsv_1b_hubert.log）
02:27:34 | ▶ gsv_1b_sv：<草稿目录>/m24/fakepy -s GPT_SoVITS/prepare_datasets/2-get-sv.py …（日志：<草稿目录>/m24/ws/我的声音/logs/gsv_1b_sv.log）
02:27:34 | 1C 提取语义 token
02:27:34 | ▶ gsv_1c_semantic：<草稿目录>/m24/fakepy -s GPT_SoVITS/prepare_datasets/3-get-semantic.py …（日志：<草稿目录>/m24/ws/我的声音/logs/gsv_1c_semantic.log）
02:27:34 | 训练音色模型 SoVITS（共 8 轮）……
02:27:34 | ▶ gsv_s2_train：<草稿目录>/m24/fakepy -s GPT_SoVITS/s2_train.py --config …（日志：<草稿目录>/m24/ws/我的声音/logs/gsv_s2_train.log）
02:27:34 |   gsv_s2_train 进度 12%
02:27:34 |   gsv_s2_train 进度 25%
02:27:34 |   gsv_s2_train 进度 38%
02:27:34 |   gsv_s2_train 进度 50%
02:27:34 |   gsv_s2_train 进度 62%
02:27:34 |   gsv_s2_train 进度 75%
02:27:34 |   gsv_s2_train 进度 88%
02:27:34 |   gsv_s2_train 进度 100%
02:27:34 | 训练语气与节奏模型 GPT（共 15 轮）……
02:27:34 | ▶ gsv_s1_train：<草稿目录>/m24/fakepy -s GPT_SoVITS/s1_train.py --config_file …（日志：<草稿目录>/m24/ws/我的声音/logs/gsv_s1_train.log）
02:27:34 |   gsv_s1_train 进度 7%
02:27:34 |   gsv_s1_train 进度 13%
02:27:34 |   gsv_s1_train 进度 20%
02:27:34 |   gsv_s1_train 进度 27%
02:27:34 |   gsv_s1_train 进度 33%
02:27:34 |   gsv_s1_train 进度 40%
02:27:34 |   gsv_s1_train 进度 47%
02:27:34 |   gsv_s1_train 进度 53%
02:27:34 |   gsv_s1_train 进度 60%
02:27:34 |   gsv_s1_train 进度 67%
02:27:34 |   gsv_s1_train 进度 73%
02:27:34 |   gsv_s1_train 进度 80%
02:27:34 |   gsv_s1_train 进度 87%
02:27:34 |   gsv_s1_train 进度 93%
02:27:34 |   gsv_s1_train 进度 100%
02:27:34 | GPT-SoVITS 训练完成
02:27:34 | 启动 GPT-SoVITS 推理服务（端口 19992，模型 s8-g15）……
02:27:36 | GPT-SoVITS 推理服务已就绪
02:27:36 | 识别校验不可用（未安装 faster-whisper：请执行 pip install "voicetwin[asr]"），将只用声纹和节奏打分
02:27:36 | 评估模型 s4-g5 ……
02:27:37 |   s4-g5：相似度 0.993 / 与原句 0.994 / 节奏偏差 0.074 → 综合 1.927
02:27:37 | 评估模型 s4-g10 ……
02:27:38 |   s4-g10：相似度 0.993 / 与原句 0.994 / 节奏偏差 0.054 → 综合 1.944
02:27:38 | 评估模型 s4-g15 ……
02:27:38 |   s4-g15：相似度 0.993 / 与原句 0.994 / 节奏偏差 0.053 → 综合 1.944
02:27:38 | 评估模型 s8-g5 ……
02:27:38 |   s8-g5：相似度 0.993 / 与原句 0.994 / 节奏偏差 0.074 → 综合 1.927
02:27:38 | 评估模型 s8-g10 ……
02:27:39 |   s8-g10：相似度 0.993 / 与原句 0.994 / 节奏偏差 0.054 → 综合 1.944
02:27:39 | 评估模型 s8-g15 ……
02:27:39 |   s8-g15：相似度 0.993 / 与原句 0.994 / 节奏偏差 0.053 → 综合 1.944
02:27:39 | 最佳模型：s4-g15；语速校准：{'zh': 1.0, 'en': 1.056}
02:27:42 | 共 3 句，引擎 GPT-SoVITS，质量 balanced（每句 3 个候选）
02:27:42 | 启动 GPT-SoVITS 推理服务（端口 19993，模型 s4-g15）……
02:27:44 | GPT-SoVITS 推理服务已就绪
02:27:45 | [1/3] 生成 大家好，欢迎回来。（相似度 0.98）
02:27:45 | [2/3] 生成 今天我们来学习生成器表达式。（相似度 0.99）
02:27:45 | [3/3] 生成 那么它和列表推导式有什么区别呢？（相似度 0.97）
02:27:46 | 输出响度 -17.5 LUFS，时长 10.3 秒
