  checked radios: ['WAV（音质最好，剪映/后期用）', '完美：每句最多试 20 次、严格检查漏字错字，同时做「未去杂音 / 去杂音」两个版本让你选，句子之间完全静音，尽最大可能接近你本人（最慢）']
saved 05_generate_form.png {'x': 32, 'y': 643, 'width': 1217, 'height': 864}
saved 05b_speed_slider.png {'x': 755, 'y': 1058, 'width': 489, 'height': 222}
saved 05c_generate_running.png {'x': 37, 'y': 1506, 'width': 1206, 'height': 196}
  bar -> done done 100% (5s)
saved 06_generate_done.png {'x': 33, 'y': 1457, 'width': 1214, 'height': 439}
saved 06c_two_versions.png {'x': 34, 'y': 2088, 'width': 1212, 'height': 197}
saved 06b_download.png {'x': 33, 'y': 2544, 'width': 1214, 'height': 170}
saved 06d_result_table.png {'x': 36, 'y': 2833, 'width': 1208, 'height': 438}
saved 07_evaluate.png {'x': 20, 'y': 268, 'width': 1240, 'height': 765}
  bar -> done done 100% (1s)
saved 08_verify.png {'x': 33, 'y': 555, 'width': 1214, 'height': 1190}
  bar #1 -> done (2s)
saved 08b_blind_test.png {'x': 33, 'y': 1754, 'width': 1214, 'height': 455}
saved 10_doctor.png {'x': 33, 'y': 600, 'width': 1213, 'height': 613}
saved 00b_voice_library.png {'x': 33, 'y': 368, 'width': 1213, 'height': 171}
  bar -> error error 0% (2s)
saved 09_error_red.png {'x': 33, 'y': 1457, 'width': 1214, 'height': 396}
DONE
exit 0
