==================================================
  声音分身 VoiceTwin v0.1.6 正在启动
  网页地址：http://127.0.0.1:7877
  浏览器没有自动打开？把上面的地址复制到浏览器地址栏
  使用期间请不要关闭这个黑色窗口（可以最小化）
  不要用鼠标点击这个黑色窗口里面；如果窗口标题出现「选择」两个字，按一下回车键就能继续
==================================================
Running on local URL:  http://127.0.0.1:7877
14:17:47 | 质量 perfect（完美），语速系数 1.0
14:17:47 | ❌ 出错了：讲稿是空的。怎么办：在「讲稿」框里粘贴文字，或者上传 txt / Word 文件。
Traceback (most recent call last):
  File "<仓库>/voicetwin/webui/tasks.py", line 201, in _run
    task.state["value"] = fn(*args, **kwargs)
  File "<仓库>/voicetwin/workflows.py", line 583, in run_narrate
    return narrator.narrate(src_path if is_file else source, out_path, redo=redo, subtitles=subtitles)
  File "<仓库>/voicetwin/synth/engine.py", line 807, in narrate
    raise ValueError("讲稿里没有可以朗读的内容")
ValueError: 讲稿里没有可以朗读的内容
14:17:47 | （详细的出错信息已保存在：<草稿目录>/m24d/ws/我的声音/logs/voicetwin.log）
14:17:52 | 质量 perfect（完美），语速系数 1.0
14:17:52 | ❌ 出错了：讲稿是空的。怎么办：在「讲稿」框里粘贴文字，或者上传 txt / Word 文件。
Traceback (most recent call last):
  File "<仓库>/voicetwin/webui/tasks.py", line 201, in _run
    task.state["value"] = fn(*args, **kwargs)
  File "<仓库>/voicetwin/workflows.py", line 583, in run_narrate
    return narrator.narrate(src_path if is_file else source, out_path, redo=redo, subtitles=subtitles)
  File "<仓库>/voicetwin/synth/engine.py", line 807, in narrate
    raise ValueError("讲稿里没有可以朗读的内容")
ValueError: 讲稿里没有可以朗读的内容
14:17:52 | （详细的出错信息已保存在：<草稿目录>/m24d/ws/我的声音/logs/voicetwin.log）
14:17:57 | 质量 perfect（完美），语速系数 1.0
14:17:57 | ❌ 出错了：讲稿是空的。怎么办：在「讲稿」框里粘贴文字，或者上传 txt / Word 文件。
Traceback (most recent call last):
  File "<仓库>/voicetwin/webui/tasks.py", line 201, in _run
    task.state["value"] = fn(*args, **kwargs)
  File "<仓库>/voicetwin/workflows.py", line 583, in run_narrate
    return narrator.narrate(src_path if is_file else source, out_path, redo=redo, subtitles=subtitles)
  File "<仓库>/voicetwin/synth/engine.py", line 807, in narrate
    raise ValueError("讲稿里没有可以朗读的内容")
ValueError: 讲稿里没有可以朗读的内容
14:17:57 | （详细的出错信息已保存在：<草稿目录>/m24d/ws/我的声音/logs/voicetwin.log）
14:18:03 | 质量 perfect（完美），语速系数 1.0
14:18:03 | ❌ 出错了：讲稿是空的。怎么办：在「讲稿」框里粘贴文字，或者上传 txt / Word 文件。
Traceback (most recent call last):
  File "<仓库>/voicetwin/webui/tasks.py", line 201, in _run
    task.state["value"] = fn(*args, **kwargs)
  File "<仓库>/voicetwin/workflows.py", line 583, in run_narrate
    return narrator.narrate(src_path if is_file else source, out_path, redo=redo, subtitles=subtitles)
  File "<仓库>/voicetwin/synth/engine.py", line 807, in narrate
    raise ValueError("讲稿里没有可以朗读的内容")
ValueError: 讲稿里没有可以朗读的内容
14:18:03 | （详细的出错信息已保存在：<草稿目录>/m24d/ws/我的声音/logs/voicetwin.log）
14:18:17 | 质量 perfect（完美），语速系数 1.0
14:18:17 | ❌ 出错了：讲稿是空的。怎么办：在「讲稿」框里粘贴文字，或者上传 txt / Word 文件。
Traceback (most recent call last):
  File "<仓库>/voicetwin/webui/tasks.py", line 201, in _run
    task.state["value"] = fn(*args, **kwargs)
  File "<仓库>/voicetwin/workflows.py", line 583, in run_narrate
    return narrator.narrate(src_path if is_file else source, out_path, redo=redo, subtitles=subtitles)
  File "<仓库>/voicetwin/synth/engine.py", line 807, in narrate
    raise ValueError("讲稿里没有可以朗读的内容")
ValueError: 讲稿里没有可以朗读的内容
14:18:17 | （详细的出错信息已保存在：<草稿目录>/m24d/ws/我的声音/logs/voicetwin.log）
14:18:22 | 质量 perfect（完美），语速系数 1.0
14:18:22 | ❌ 出错了：讲稿是空的。怎么办：在「讲稿」框里粘贴文字，或者上传 txt / Word 文件。
Traceback (most recent call last):
  File "<仓库>/voicetwin/webui/tasks.py", line 201, in _run
    task.state["value"] = fn(*args, **kwargs)
  File "<仓库>/voicetwin/workflows.py", line 583, in run_narrate
    return narrator.narrate(src_path if is_file else source, out_path, redo=redo, subtitles=subtitles)
  File "<仓库>/voicetwin/synth/engine.py", line 807, in narrate
    raise ValueError("讲稿里没有可以朗读的内容")
ValueError: 讲稿里没有可以朗读的内容
14:18:22 | （详细的出错信息已保存在：<草稿目录>/m24d/ws/我的声音/logs/voicetwin.log）
14:18:28 | 质量 perfect（完美），语速系数 1.0
14:18:28 | ❌ 出错了：讲稿是空的。怎么办：在「讲稿」框里粘贴文字，或者上传 txt / Word 文件。
Traceback (most recent call last):
  File "<仓库>/voicetwin/webui/tasks.py", line 201, in _run
    task.state["value"] = fn(*args, **kwargs)
  File "<仓库>/voicetwin/workflows.py", line 583, in run_narrate
    return narrator.narrate(src_path if is_file else source, out_path, redo=redo, subtitles=subtitles)
  File "<仓库>/voicetwin/synth/engine.py", line 807, in narrate
    raise ValueError("讲稿里没有可以朗读的内容")
ValueError: 讲稿里没有可以朗读的内容
14:18:28 | （详细的出错信息已保存在：<草稿目录>/m24d/ws/我的声音/logs/voicetwin.log）
14:19:58 | 质量 perfect（完美），语速系数 1.0
14:19:58 | 共 8 句，引擎 GPT-SoVITS，质量「完美」（每句最多试 20 次，达到严格标准就停，识别校验）
14:19:58 | 启动 GPT-SoVITS 推理服务（端口 19994，模型 s2-g6）……
14:20:00 | GPT-SoVITS 推理服务已就绪
14:20:00 | 声纹模型不可用，使用简易 MFCC 相似度（仅供参考）。建议安装：pip install webrtcvad-wheels && pip install resemblyzer --no-deps
14:20:00 | 部分声纹模型没有用上：eres2netv2：没有找到 <草稿目录>/m24d/GSV/GPT_SoVITS/eres2net/ERes2NetV2.py
14:20:00 | 声纹打分模型：简易 MFCC（仅供参考）（100% = 和你自己的真实录音一样像）
14:20:00 | 识别校验不可用（未安装 faster-whisper：请执行 pip install "voicetwin[asr]"），将只用声纹和节奏打分
14:20:00 | [1/8] 已有，直接用：第四课：生成器表达式。（像你本人 76.4%）
14:20:01 | [2/8] 已有，直接用：大家好，欢迎回来。（像你本人 77.8%）
14:20:01 | [3/8] 已有，直接用：上节课我们学习了列表推导式，今天我们来学（像你本人 71.5%）
14:20:01 | [4/8] 已有，直接用：它的写法和列表推导式几乎一样，只是把中括（像你本人 71.5%）
14:20:01 | [5/8] 已有，直接用：那么它们有什么区别呢？（像你本人 76.4%）
14:20:01 | [6/8] 已有，直接用：最大的区别在于，生成器不会一次性把所有结（像你本人 71.5%）
14:20:01 | [7/8] 已有，直接用：Let's look at a quic（像你本人 70.2%）
14:20:01 | [8/8] 生成：好，我们一起来看一个例子。（像你本人 75.2%）
14:20:02 | 输出响度 -17.5 LUFS，时长 41.6 秒
14:20:02 | 输出响度 -17.5 LUFS，时长 41.6 秒
14:20:02 | ⭐ 推荐：版本 A：未去杂音，更像你的原声（像你本人 69.1%，另一个版本 69.1%，相差 0.0%；综合分 1.169 对 1.169）
14:20:02 | 本次生成：共 8 句（新生成 1 句），平均每句试了 4.0 次；1 句达到了「完美」的严格标准。
14:20:02 | 整篇像你本人 69.1%（100% = 和你自己的真实录音一样像；相似度是声纹模型自动打分，越高越像，但不是绝对精确，最终以耳朵为准）。
14:20:02 | 需要注意的句子：第 2、7 句（可以只重做这几句）。
14:22:17 | 加载声纹模型，计算你本人的声音标准……
14:22:17 | 部分声纹模型没有用上：eres2netv2：没有找到 <草稿目录>/m24d/GSV/GPT_SoVITS/eres2net/ERes2NetV2.py
14:22:17 | 打分 1/10：第四课_生成器表达式_10月01日14点19分_未去杂音.wav
14:22:17 | 打分 2/10：第四课_生成器表达式_10月01日14点19分_去杂音.wav
14:22:17 | 打分 3/10：4f3b736bb8d44fbc.wav
14:22:17 | 打分 4/10：3aca40b8ffbf3806.wav
14:22:17 | 打分 5/10：3c550a156174f69d.wav
14:22:17 | 打分 6/10：56b6a36dd96808ea.wav
14:22:17 | 打分 7/10：dbb5240383c3f2d6.wav
14:22:17 | 打分 8/10：b7732fe8530c867f.wav
14:22:17 | 打分 9/10：4c0ea9143e220d77.wav
14:22:17 | 打分 10/10：e041ce592527e3e9.wav
14:22:17 | 打分完成：共 10 个文件，0 个达到 85%
14:22:22 | 挑选你的真实录音（没参与训练的那部分）……
14:22:22 | 生成第 1/10 句：大家好，欢迎来到今天的课程。
14:22:22 | [1/1] 已有，直接用：大家好，欢迎来到今天的课程。（像你本人 75.3%）
14:22:22 | 生成第 2/10 句：今天的内容就到这里，大家辛苦了！
14:22:22 | [1/1] 已有，直接用：今天的内容就到这里，大家辛苦了！（像你本人 74.3%）
14:22:22 | 生成第 3/10 句：只保留其中的偶数，其它的数字全部过滤掉。
14:22:22 | [1/1] 已有，直接用：只保留其中的偶数，其它的数字全部过滤掉。（像你本人 73.2%）
14:22:22 | 生成第 4/10 句：However, readability
14:22:22 | [1/1] 已有，直接用：However, readability（像你本人 69.7%）
14:22:22 | 生成第 5/10 句：那么什么时候应该用普通的循环呢？
14:22:22 | [1/1] 已有，直接用：那么什么时候应该用普通的循环呢？（像你本人 74.3%）
14:22:22 | 生成第 6/10 句：好，我们再来看字典推导式。
14:22:22 | [1/1] 已有，直接用：好，我们再来看字典推导式。（像你本人 75.2%）
14:22:22 | 生成第 7/10 句：只保留其中的偶数，其它的数字全部过滤掉。
14:22:22 | [1/1] 已有，直接用：只保留其中的偶数，其它的数字全部过滤掉。（像你本人 73.2%）
14:22:22 | 生成第 8/10 句：We can also add a co
14:22:22 | [1/1] 已有，直接用：We can also add a co（像你本人 69.9%）
14:22:22 | 生成第 9/10 句：那么什么时候应该用普通的循环呢？
14:22:22 | [1/1] 已有，直接用：那么什么时候应该用普通的循环呢？（像你本人 74.3%）
14:22:22 | 生成第 10/10 句：That's all for today
14:22:22 | [1/1] 已有，直接用：That's all for today（像你本人 68.7%）
14:22:22 | 统一音量、打乱顺序、保存……
14:22:22 | 盲听测试做好了：共 20 段（10 段真人 + 10 段生成），质量「完美」
14:22:46 | 质量 perfect（完美），语速系数 1.0
14:22:46 | ❌ 出错了：讲稿是空的。怎么办：在「讲稿」框里粘贴文字，或者上传 txt / Word 文件。
Traceback (most recent call last):
  File "<仓库>/voicetwin/webui/tasks.py", line 201, in _run
    task.state["value"] = fn(*args, **kwargs)
  File "<仓库>/voicetwin/workflows.py", line 583, in run_narrate
    return narrator.narrate(src_path if is_file else source, out_path, redo=redo, subtitles=subtitles)
  File "<仓库>/voicetwin/synth/engine.py", line 807, in narrate
    raise ValueError("讲稿里没有可以朗读的内容")
ValueError: 讲稿里没有可以朗读的内容
14:22:46 | （详细的出错信息已保存在：<草稿目录>/m24d/ws/我的声音/logs/voicetwin.log）
14:23:30 | 质量 perfect（完美），语速系数 1.0
14:23:30 | 共 8 句，引擎 GPT-SoVITS，质量「完美」（每句最多试 20 次，达到严格标准就停，识别校验）
14:23:30 | [1/8] 已有，直接用：第四课：生成器表达式。（像你本人 76.4%）
14:23:30 | [2/8] 已有，直接用：大家好，欢迎回来。（像你本人 77.8%）
14:23:30 | [3/8] 已有，直接用：上节课我们学习了列表推导式，今天我们来学（像你本人 71.5%）
14:23:30 | [4/8] 已有，直接用：它的写法和列表推导式几乎一样，只是把中括（像你本人 71.5%）
14:23:30 | [5/8] 已有，直接用：那么它们有什么区别呢？（像你本人 76.4%）
14:23:30 | [6/8] 已有，直接用：最大的区别在于，生成器不会一次性把所有结（像你本人 71.5%）
14:23:30 | [7/8] 已有，直接用：Let's look at a quic（像你本人 70.2%）
14:23:30 | [8/8] 已有，直接用：好，我们一起来看一个例子。（像你本人 75.2%）
14:23:30 | 部分声纹模型没有用上：eres2netv2：没有找到 <草稿目录>/m24d/GSV/GPT_SoVITS/eres2net/ERes2NetV2.py
14:23:30 | 声纹打分模型：简易 MFCC（仅供参考）（100% = 和你自己的真实录音一样像）
14:23:31 | 输出响度 -17.5 LUFS，时长 41.6 秒
14:23:32 | 输出响度 -17.5 LUFS，时长 41.6 秒
14:23:32 | ⭐ 推荐：版本 A：未去杂音，更像你的原声（像你本人 69.1%，另一个版本 69.1%，相差 0.0%；综合分 1.169 对 1.169）
14:23:32 | 本次生成：共 8 句，全部用的是之前生成好的结果。
14:23:32 | 整篇像你本人 69.1%（100% = 和你自己的真实录音一样像；相似度是声纹模型自动打分，越高越像，但不是绝对精确，最终以耳朵为准）。
14:23:32 | 需要注意的句子：第 2、7 句（可以只重做这几句）。
14:23:37 | 挑选你的真实录音（没参与训练的那部分）……
14:23:37 | 生成第 1/10 句：大家好，欢迎来到今天的课程。
14:23:37 | [1/1] 已有，直接用：大家好，欢迎来到今天的课程。（像你本人 75.3%）
14:23:37 | 生成第 2/10 句：今天的内容就到这里，大家辛苦了！
14:23:37 | [1/1] 已有，直接用：今天的内容就到这里，大家辛苦了！（像你本人 74.3%）
14:23:37 | 生成第 3/10 句：只保留其中的偶数，其它的数字全部过滤掉。
14:23:37 | [1/1] 已有，直接用：只保留其中的偶数，其它的数字全部过滤掉。（像你本人 73.2%）
14:23:37 | 生成第 4/10 句：However, readability
14:23:37 | [1/1] 已有，直接用：However, readability（像你本人 69.7%）
14:23:37 | 生成第 5/10 句：那么什么时候应该用普通的循环呢？
14:23:37 | [1/1] 已有，直接用：那么什么时候应该用普通的循环呢？（像你本人 74.3%）
14:23:37 | 生成第 6/10 句：好，我们再来看字典推导式。
14:23:37 | [1/1] 已有，直接用：好，我们再来看字典推导式。（像你本人 75.2%）
14:23:37 | 生成第 7/10 句：只保留其中的偶数，其它的数字全部过滤掉。
14:23:37 | [1/1] 已有，直接用：只保留其中的偶数，其它的数字全部过滤掉。（像你本人 73.2%）
14:23:37 | 生成第 8/10 句：We can also add a co
14:23:37 | [1/1] 已有，直接用：We can also add a co（像你本人 69.9%）
14:23:37 | 生成第 9/10 句：那么什么时候应该用普通的循环呢？
14:23:37 | [1/1] 已有，直接用：那么什么时候应该用普通的循环呢？（像你本人 74.3%）
14:23:37 | 生成第 10/10 句：That's all for today
14:23:37 | [1/1] 已有，直接用：That's all for today（像你本人 68.7%）
14:23:37 | 统一音量、打乱顺序、保存……
14:23:38 | 盲听测试做好了：共 20 段（10 段真人 + 10 段生成），质量「完美」
14:24:27 | 挑选你的真实录音（没参与训练的那部分）……
14:24:27 | 生成第 1/10 句：大家好，欢迎来到今天的课程。
14:24:27 | [1/1] 已有，直接用：大家好，欢迎来到今天的课程。（像你本人 75.3%）
14:24:27 | 生成第 2/10 句：今天的内容就到这里，大家辛苦了！
14:24:27 | [1/1] 已有，直接用：今天的内容就到这里，大家辛苦了！（像你本人 74.3%）
14:24:27 | 生成第 3/10 句：只保留其中的偶数，其它的数字全部过滤掉。
14:24:27 | [1/1] 已有，直接用：只保留其中的偶数，其它的数字全部过滤掉。（像你本人 73.2%）
14:24:27 | 生成第 4/10 句：However, readability
14:24:27 | [1/1] 已有，直接用：However, readability（像你本人 69.7%）
14:24:27 | 生成第 5/10 句：那么什么时候应该用普通的循环呢？
14:24:27 | [1/1] 已有，直接用：那么什么时候应该用普通的循环呢？（像你本人 74.3%）
14:24:27 | 生成第 6/10 句：好，我们再来看字典推导式。
14:24:27 | [1/1] 已有，直接用：好，我们再来看字典推导式。（像你本人 75.2%）
14:24:27 | 生成第 7/10 句：只保留其中的偶数，其它的数字全部过滤掉。
14:24:27 | [1/1] 已有，直接用：只保留其中的偶数，其它的数字全部过滤掉。（像你本人 73.2%）
14:24:27 | 生成第 8/10 句：We can also add a co
14:24:27 | [1/1] 已有，直接用：We can also add a co（像你本人 69.9%）
14:24:27 | 生成第 9/10 句：那么什么时候应该用普通的循环呢？
14:24:27 | [1/1] 已有，直接用：那么什么时候应该用普通的循环呢？（像你本人 74.3%）
14:24:27 | 生成第 10/10 句：That's all for today
14:24:27 | [1/1] 已有，直接用：That's all for today（像你本人 68.7%）
14:24:27 | 统一音量、打乱顺序、保存……
14:24:28 | 盲听测试做好了：共 20 段（10 段真人 + 10 段生成），质量「完美」
14:26:05 | 挑选你的真实录音（没参与训练的那部分）……
14:26:05 | 生成第 1/10 句：大家好，欢迎来到今天的课程。
14:26:05 | [1/1] 已有，直接用：大家好，欢迎来到今天的课程。（像你本人 75.3%）
14:26:05 | 生成第 2/10 句：今天的内容就到这里，大家辛苦了！
14:26:05 | [1/1] 已有，直接用：今天的内容就到这里，大家辛苦了！（像你本人 74.3%）
14:26:05 | 生成第 3/10 句：只保留其中的偶数，其它的数字全部过滤掉。
14:26:05 | [1/1] 已有，直接用：只保留其中的偶数，其它的数字全部过滤掉。（像你本人 73.2%）
14:26:05 | 生成第 4/10 句：However, readability
14:26:05 | [1/1] 已有，直接用：However, readability（像你本人 69.7%）
14:26:05 | 生成第 5/10 句：那么什么时候应该用普通的循环呢？
14:26:05 | [1/1] 已有，直接用：那么什么时候应该用普通的循环呢？（像你本人 74.3%）
14:26:05 | 生成第 6/10 句：好，我们再来看字典推导式。
14:26:05 | [1/1] 已有，直接用：好，我们再来看字典推导式。（像你本人 75.2%）
14:26:05 | 生成第 7/10 句：只保留其中的偶数，其它的数字全部过滤掉。
14:26:05 | [1/1] 已有，直接用：只保留其中的偶数，其它的数字全部过滤掉。（像你本人 73.2%）
14:26:05 | 生成第 8/10 句：We can also add a co
14:26:05 | [1/1] 已有，直接用：We can also add a co（像你本人 69.9%）
14:26:05 | 生成第 9/10 句：那么什么时候应该用普通的循环呢？
14:26:05 | [1/1] 已有，直接用：那么什么时候应该用普通的循环呢？（像你本人 74.3%）
14:26:05 | 生成第 10/10 句：That's all for today
14:26:05 | [1/1] 已有，直接用：That's all for today（像你本人 68.7%）
14:26:05 | 统一音量、打乱顺序、保存……
14:26:06 | 盲听测试做好了：共 20 段（10 段真人 + 10 段生成），质量「完美」
14:27:39 | 挑选你的真实录音（没参与训练的那部分）……
14:27:39 | 生成第 1/10 句：大家好，欢迎来到今天的课程。
14:27:39 | [1/1] 已有，直接用：大家好，欢迎来到今天的课程。（像你本人 75.3%）
14:27:39 | 生成第 2/10 句：今天的内容就到这里，大家辛苦了！
14:27:39 | [1/1] 已有，直接用：今天的内容就到这里，大家辛苦了！（像你本人 74.3%）
14:27:39 | 生成第 3/10 句：只保留其中的偶数，其它的数字全部过滤掉。
14:27:39 | [1/1] 已有，直接用：只保留其中的偶数，其它的数字全部过滤掉。（像你本人 73.2%）
14:27:39 | 生成第 4/10 句：However, readability
14:27:39 | [1/1] 已有，直接用：However, readability（像你本人 69.7%）
14:27:39 | 生成第 5/10 句：那么什么时候应该用普通的循环呢？
14:27:39 | [1/1] 已有，直接用：那么什么时候应该用普通的循环呢？（像你本人 74.3%）
14:27:39 | 生成第 6/10 句：好，我们再来看字典推导式。
14:27:39 | [1/1] 已有，直接用：好，我们再来看字典推导式。（像你本人 75.2%）
14:27:39 | 生成第 7/10 句：只保留其中的偶数，其它的数字全部过滤掉。
14:27:39 | [1/1] 已有，直接用：只保留其中的偶数，其它的数字全部过滤掉。（像你本人 73.2%）
14:27:39 | 生成第 8/10 句：We can also add a co
14:27:39 | [1/1] 已有，直接用：We can also add a co（像你本人 69.9%）
14:27:39 | 生成第 9/10 句：那么什么时候应该用普通的循环呢？
14:27:39 | [1/1] 已有，直接用：那么什么时候应该用普通的循环呢？（像你本人 74.3%）
14:27:39 | 生成第 10/10 句：That's all for today
14:27:39 | [1/1] 已有，直接用：That's all for today（像你本人 68.7%）
14:27:39 | 统一音量、打乱顺序、保存……
14:27:40 | 盲听测试做好了：共 20 段（10 段真人 + 10 段生成），质量「完美」
14:28:45 | 部分声纹模型没有用上：eres2netv2：没有找到 <草稿目录>/m24d/GSV/GPT_SoVITS/eres2net/ERes2NetV2.py
14:28:47 | 识别校验不可用（未安装 faster-whisper：请执行 pip install "voicetwin[asr]"），将只用声纹和节奏打分
14:29:11 | 部分声纹模型没有用上：eres2netv2：没有找到 <草稿目录>/m24d/GSV/GPT_SoVITS/eres2net/ERes2NetV2.py
14:29:12 | 识别校验不可用（未安装 faster-whisper：请执行 pip install "voicetwin[asr]"），将只用声纹和节奏打分
14:29:45 | 部分声纹模型没有用上：eres2netv2：没有找到 <草稿目录>/m24d/GSV/GPT_SoVITS/eres2net/ERes2NetV2.py
14:29:46 | 识别校验不可用（未安装 faster-whisper：请执行 pip install "voicetwin[asr]"），将只用声纹和节奏打分
