==================================================
  声音分身 VoiceTwin v18.4 正在启动
  网页地址：http://127.0.0.1:7961
  浏览器没有自动打开？把上面的地址复制到浏览器地址栏
  使用期间请不要关闭这个黑色窗口（可以最小化）
  不要用鼠标点击这个黑色窗口里面；如果窗口标题出现「选择」两个字，按一下回车键就能继续
==================================================
Running on local URL:  http://127.0.0.1:7961
22:04:09 | 加载声纹模型，检查每段话是不是你本人的声音……
22:04:09 |   主参考（zh）：它可以让代码变得更加简洁，也更容易阅读。（4.33 秒）
22:04:09 |   主参考（en）：This makes it very convenient to build lookup tables.（3.37 秒）
22:04:10 |   中文语速：4.53 音节/秒（不含停顿）
22:04:10 |   中文音高：151 Hz，起伏 0.9 半音
22:04:10 |   英文语速：4.40 音节/秒（不含停顿）
22:04:10 |   英文音高：151 Hz，起伏 0.9 半音
22:04:10 |   停顿习惯：逗号 0.22s / 句号 0.75s / 段落 1.01s
22:04:12 | 这次训练用校对表里保存好的文字：18 条训练、2 条当「考试题」
22:04:12 | 检查显卡、整理训练素材（大约半分钟）……
22:04:12 | 实验名 vt_f12cf3；GPT-SoVITS 版本 v2ProPlus（目前公开的最新、最强版本）
22:04:12 | 训练素材 18 条，共 1.4 分钟
22:04:12 | 没有检测到可用的 NVIDIA 显卡，训练会非常慢（CPU 训练可能需要数天）
22:04:12 | 训练计划：没有检测到能用的 N 卡 → 每批 2 条（你指定的）（用 CPU 训练会非常慢）；素材 1.4 分钟（18 条） → 音色 SoVITS 2 轮（你指定的）、语气 GPT 2 轮（你指定的）；每轮存一次模型，训练完自动挑最像你的那个；不开 DPO（官方实验功能，显存也不够；需要的话可以在高级设置里手动打开）。
22:04:12 | 处理文字（把讲稿转成拼音和特征）
22:04:12 | ▶ 处理文字（详细日志：gsv_1a_text.log）
22:04:12 |   处理文字 1/18
22:04:12 |   处理文字 2/18
22:04:12 |   处理文字 4/18
22:04:12 |   处理文字 6/18
22:04:12 |   处理文字 8/18
22:04:12 |   处理文字 9/18
22:04:12 |   处理文字 11/18
22:04:12 |   处理文字 13/18
22:04:12 |   处理文字 15/18
22:04:12 |   处理文字 17/18
22:04:12 |   处理文字 18/18
22:04:12 | 提取声音特征（比较慢，素材多时要十几分钟）
22:04:12 | ▶ 提取声音特征（详细日志：gsv_1b_hubert.log）
22:04:13 | 提取声纹
22:04:13 | ▶ 提取声纹（详细日志：gsv_1b_sv.log）
22:04:13 | 提取语义（大约 1~3 分钟）
22:04:13 | ▶ 提取语义（详细日志：gsv_1c_semantic.log）
22:04:13 | 训练音色（SoVITS），共 2 轮……
22:04:13 | ▶ 训练音色（详细日志：gsv_s2_train.log）
22:04:13 |   训练音色：第 1/2 轮（0%）
22:04:13 |   训练音色：第 1/2 轮（50%）
22:04:13 |   训练音色：第 1/2 轮完成
22:04:13 |   训练音色：第 2/2 轮（50%）
22:04:13 |   训练音色：第 2/2 轮完成
22:04:13 | 训练语气和节奏（GPT），共 2 轮……
22:04:13 | ▶ 训练语气和节奏（详细日志：gsv_s1_train.log）
22:04:13 |   训练语气和节奏：第 1/2 轮（50%）
22:04:13 |   训练语气和节奏：第 1/2 轮（100%）
22:04:13 |   训练语气和节奏：第 2/2 轮（50%）
22:04:13 |   训练语气和节奏：第 2/2 轮（100%）
22:04:13 | 保存模型……
22:04:13 | GPT-SoVITS 训练完成
22:04:13 | 训练完成，开始自动挑选最像你的模型（大约 5~15 分钟）
22:04:13 | 加载声纹和识别模型（第一次使用会先下载）……
22:04:13 | 识别校验不可用（未安装 faster-whisper：请执行 pip install "voicetwin[asr]"），将只用声纹和节奏打分
22:04:13 | 启动合成引擎（要先加载模型）……
22:04:13 | 启动 GPT-SoVITS 推理服务（端口 9880，模型 s2-g2）……
22:04:15 | GPT-SoVITS 推理服务已就绪（启动用了 2 秒）
22:04:15 | 共 4 个模型 × 2 句验证集，逐个试听（声纹模型：简易 MFCC（仅供参考））
22:04:15 | 切换到模型 s1-g1（第 1/4 个）
22:04:15 |   s1-g1：像你本人 68.0% / 相似度 0.681 / 与原句 0.680 / 节奏偏差 0.693 → 综合 0.807
22:04:15 | 切换到模型 s1-g2（第 2/4 个）
22:04:15 |   s1-g2：像你本人 67.8% / 相似度 0.677 / 与原句 0.677 / 节奏偏差 0.739 → 综合 0.764
22:04:15 | 切换到模型 s2-g1（第 3/4 个）
22:04:15 |   s2-g1：像你本人 68.0% / 相似度 0.681 / 与原句 0.680 / 节奏偏差 0.693 → 综合 0.807
22:04:15 | 切换到模型 s2-g2（第 4/4 个）
22:04:16 |   s2-g2：像你本人 67.8% / 相似度 0.677 / 与原句 0.677 / 节奏偏差 0.739 → 综合 0.764
22:04:16 | 最佳模型：s1-g1（像你本人 68.0%）；语速校准：{'zh': 1.25, 'en': 1.25}
22:04:16 | 训练完成
22:04:16 | 加载声纹和识别模型（第一次使用会先下载）……
22:04:16 | 识别校验不可用（未安装 faster-whisper：请执行 pip install "voicetwin[asr]"），将只用声纹和节奏打分
22:04:16 | 启动合成引擎（上次用了 2 秒）……
22:04:16 | 启动 GPT-SoVITS 推理服务（端口 9881，模型 s1-g1）……
22:04:18 | ❌ 出错了：缺少GPT-SoVITS 整合包里的组件（GPT_SoVITS）。怎么办：这是 GPT-SoVITS 整合包里的组件。请确认整合包是完整解压出来的（不要在压缩包里直接运行），然后重新双击 install_windows.bat（你的数据不会丢）。
Traceback (most recent call last):
  File "/home/user/literate-enigma/voicetwin/webui/tasks.py", line 239, in _run
    task.state["value"] = fn(*args, **kwargs)
  File "/home/user/literate-enigma/voicetwin/workflows.py", line 733, in run_select
    return select_and_calibrate(cfg, project, backend, max_items=int(items or DEFAULT_ITEMS), use_asr=use_asr,
  File "/home/user/literate-enigma/voicetwin/synth/select.py", line 170, in select_and_calibrate
    backend.start()
  File "/home/user/literate-enigma/voicetwin/backends/gptsovits.py", line 1626, in start
    raise RuntimeError(f"GPT-SoVITS 推理服务启动失败（退出码 {code}）：\n" + report)
RuntimeError: GPT-SoVITS 推理服务启动失败（退出码 1）：
自动诊断：
- 引擎报错：ModuleNotFoundError: No module named 'GPT_SoVITS.TTS_infer_pack.TTS'
引擎记录（gptsovits_api.log 最后一次启动的部分，重复的已合并）：
===== 声音分身 18.4 启动推理服务 2026-10-02 22:04:16（端口 9881，模型 s1-g1）=====
Traceback (most recent call last):
  File "/home/user/literate-enigma/research/过程文件/04_浏览器实测/m28_v18.4引擎与确认/work/GSV/api_v2.py", line 124, in <module>
    from GPT_SoVITS.TTS_infer_pack.TTS import TTS, TTS_Config
ModuleNotFoundError: No module named 'GPT_SoVITS.TTS_infer_pack.TTS'
22:04:18 | （详细的出错信息已保存在：/home/user/literate-enigma/research/过程文件/04_浏览器实测/m28_v18.4引擎与确认/work/ws/老师的声音/logs/voicetwin.log）
22:04:18 | 📋 问题报告（出错时自动生成）
做的事：重新挑选最佳模型（声音：老师的声音）
停在哪里：停在第 2 步「启动合成引擎」
已用时间：2 秒
原因：缺少GPT-SoVITS 整合包里的组件（GPT_SoVITS）
怎么办：这是 GPT-SoVITS 整合包里的组件。请确认整合包是完整解压出来的（不要在压缩包里直接运行），然后重新双击 install_windows.bat（你的数据不会丢）。
自动诊断出的线索：
- 引擎报错：ModuleNotFoundError: No module named 'GPT_SoVITS.TTS_infer_pack.TTS'
完整的问题报告已保存在：/home/user/literate-enigma/research/过程文件/04_浏览器实测/m28_v18.4引擎与确认/work/ws/老师的声音/logs/问题报告_20261002_220418.txt
需要帮忙时，把这个文件（或者这里的文字）发给帮你的人就行。
22:04:22 | 质量 balanced（均衡），语速系数 1.0
22:04:22 | 共 1 句，引擎 GPT-SoVITS，质量「均衡」（每句做 3 遍，挑最像你的）
22:04:22 | 启动 GPT-SoVITS 推理服务（端口 9881，模型 s1-g1）……
22:04:24 | GPT-SoVITS 推理服务已就绪（启动用了 2 秒）
22:04:24 | 声纹打分模型：简易 MFCC（仅供参考）（100% = 和你自己的真实录音一样像，0% = 陌生人的水平）
22:04:24 | [1/1] 生成：大家好，今天我们讲定语从句。 Let's（像你本人 70.0%）
22:04:24 | 输出响度 -17.8 LUFS，时长 5.3 秒
22:04:24 | 本次生成：共 1 句（新生成 1 句），平均每句试了 3.0 次。
22:04:24 | 整篇像你本人 70.0%（100% = 和你自己的真实录音一样像，0% = 陌生人的水平；相似度是几个声纹模型一起自动打分，越高越像；机器打分不可能百分之百准确，最终以耳朵为准）。
22:04:24 | 没有需要特别注意的句子。
