[fake python] -m pip install --disable-pip-version-check -i https://pypi.tuna.tsinghua.edu.cn/simple --no-deps --upgrade --force-reinstall <草稿目录>/u6inst/VoiceTwin
[fake python] -m pip install --disable-pip-version-check -i https://pypi.tuna.tsinghua.edu.cn/simple pyloudnorm imageio-ffmpeg zhconv webrtcvad-wheels python-docx
[fake python] -m pip install --disable-pip-version-check -i https://pypi.tuna.tsinghua.edu.cn/simple --no-deps resemblyzer
[fake python] -c import faster_whisper
[fake python] -m voicetwin init-config --gptsovits-root <草稿目录>/u6inst/GSV --backend gptsovits
[fake python] -m voicetwin download-models --check
[fake python] -m voicetwin doctor
[fake python] -m pip install --disable-pip-version-check -i https://pypi.tuna.tsinghua.edu.cn/simple --no-deps --upgrade --force-reinstall <草稿目录>/u6inst/VoiceTwin
[fake python] -m pip install --disable-pip-version-check -i https://pypi.tuna.tsinghua.edu.cn/simple pyloudnorm imageio-ffmpeg zhconv webrtcvad-wheels python-docx
[fake python] -m pip install --disable-pip-version-check -i https://pypi.tuna.tsinghua.edu.cn/simple --no-deps resemblyzer
[fake python] -c import faster_whisper
[fake python] -m voicetwin init-config --gptsovits-root <草稿目录>/u6inst/GSV --backend gptsovits
[fake python] -m voicetwin download-models --check
[fake python] -m voicetwin doctor
[fake python] -m pip install --disable-pip-version-check -i https://pypi.tuna.tsinghua.edu.cn/simple --no-deps --upgrade --force-reinstall <草稿目录>/u6inst/VoiceTwin
[fake python] -m pip install --disable-pip-version-check -i https://pypi.tuna.tsinghua.edu.cn/simple pyloudnorm imageio-ffmpeg zhconv webrtcvad-wheels python-docx
[fake python] -m pip install --disable-pip-version-check -i https://pypi.tuna.tsinghua.edu.cn/simple --no-deps resemblyzer
[fake python] -c import faster_whisper
[fake python] -m voicetwin init-config --gptsovits-root <草稿目录>/u6inst/home/Downloads/GPT-SoVITS-v2pro --backend gptsovits
[fake python] -m voicetwin download-models --check
[fake python] -m voicetwin doctor
[fake python] -m pip install --disable-pip-version-check -i https://pypi.tuna.tsinghua.edu.cn/simple --no-deps --upgrade --force-reinstall <草稿目录>/u6inst/VoiceTwin
[fake python] -m pip install --disable-pip-version-check -i https://pypi.tuna.tsinghua.edu.cn/simple pyloudnorm imageio-ffmpeg zhconv webrtcvad-wheels python-docx
[fake python] -m pip install --disable-pip-version-check -i https://pypi.tuna.tsinghua.edu.cn/simple --no-deps resemblyzer
[fake python] -c import faster_whisper
[fake python] -m voicetwin init-config --gptsovits-root <草稿目录>/u6inst/GSV --backend gptsovits
[fake python] -m voicetwin download-models --check
[fake python] -m voicetwin doctor
