Running on local URL:  http://127.0.0.1:7870

To create a public link, set `share=True` in `launch()`.
21:42:46 | [1/3] 处理 第1课.mp4
21:42:50 |   使用字幕 第1课.srt（76 条）切分
21:43:08 | [2/3] 处理 第2课.mp4
21:43:10 |   使用字幕 第2课.srt（76 条）切分
21:43:28 | [3/3] 处理 第3课.mp4
21:43:31 |   使用字幕 第3课.srt（76 条）切分
21:43:49 | 分析每个片段的语速、停顿和音质……
21:43:52 | 过滤低质量片段、剔除不是你本人的声音……
21:43:54 | 计算声纹 0/228
21:43:56 | 计算声纹 50/228
21:43:57 | 计算声纹 100/228
21:43:58 | 计算声纹 150/228
21:43:59 | 计算声纹 200/228
21:44:00 | 挑选最具代表性的参考音频……
21:44:00 |   主参考（zh）：它和列表推导式非常相似，只是需要同时给出键和值。（5.14 秒）
21:44:00 |   主参考（en）：However, readability always comes first.（3.2 秒）
21:44:00 | 素材准备完成
21:44:03 |   中文语速：4.45 音节/秒（不含停顿）
21:44:03 |   中文音高：151 Hz，起伏 0.9 半音
21:44:03 |   英文语速：4.20 音节/秒（不含停顿）
21:44:03 |   英文音高：151 Hz，起伏 0.9 半音
21:44:03 |   停顿习惯：逗号 0.21s / 句号 0.87s / 段落 1.13s
21:44:14 | 训练素材：216 条，15.6 分钟；实验名 vt_433bc0；版本 v2ProPlus
21:44:14 | 训练参数：batch=6，SoVITS 8 轮，GPT 15 轮（显存 12.0 GB）
21:44:14 | 1B 提取 HuBERT 特征与说话人声纹
21:44:14 | ▶ gsv_1b_hubert：<草稿目录>/manual/fakepy -s GPT_SoVITS/prepare_datasets/2-get-hubert-wav32k.py …（日志：<草稿目录>/manual/ws/我的声音/logs/gsv_1b_hubert.log）
21:44:14 | ▶ gsv_1b_sv：<草稿目录>/manual/fakepy -s GPT_SoVITS/prepare_datasets/2-get-sv.py …（日志：<草稿目录>/manual/ws/我的声音/logs/gsv_1b_sv.log）
21:44:14 | 训练音色模型 SoVITS（共 8 轮）……
21:44:14 | ▶ gsv_s2_train：<草稿目录>/manual/fakepy -s GPT_SoVITS/s2_train.py --config …（日志：<草稿目录>/manual/ws/我的声音/logs/gsv_s2_train.log）
21:44:14 |   gsv_s2_train 进度 12%
21:44:14 |   gsv_s2_train 进度 25%
21:44:14 |   gsv_s2_train 进度 38%
21:44:14 |   gsv_s2_train 进度 50%
21:44:14 |   gsv_s2_train 进度 62%
21:44:14 |   gsv_s2_train 进度 75%
21:44:14 |   gsv_s2_train 进度 88%
21:44:14 |   gsv_s2_train 进度 100%
21:44:14 | 训练语气与节奏模型 GPT（共 15 轮）……
21:44:14 | ▶ gsv_s1_train：<草稿目录>/manual/fakepy -s GPT_SoVITS/s1_train.py --config_file …（日志：<草稿目录>/manual/ws/我的声音/logs/gsv_s1_train.log）
21:44:14 |   gsv_s1_train 进度 7%
21:44:14 |   gsv_s1_train 进度 13%
21:44:14 |   gsv_s1_train 进度 20%
21:44:14 |   gsv_s1_train 进度 27%
21:44:14 |   gsv_s1_train 进度 33%
21:44:14 |   gsv_s1_train 进度 40%
21:44:14 |   gsv_s1_train 进度 47%
21:44:14 |   gsv_s1_train 进度 53%
21:44:14 |   gsv_s1_train 进度 60%
21:44:14 |   gsv_s1_train 进度 67%
21:44:14 |   gsv_s1_train 进度 73%
21:44:14 |   gsv_s1_train 进度 80%
21:44:14 |   gsv_s1_train 进度 87%
21:44:14 |   gsv_s1_train 进度 93%
21:44:14 |   gsv_s1_train 进度 100%
21:44:15 | GPT-SoVITS 训练完成
21:44:15 | 启动 GPT-SoVITS 推理服务（端口 19990，模型 s8-g15）……
21:44:17 | GPT-SoVITS 推理服务已就绪
21:44:17 | 识别校验不可用（未安装 faster-whisper：请执行 pip install "voicetwin[asr]"），将只用声纹和节奏打分
21:44:17 | 评估模型 s4-g5 ……
21:44:19 |   s4-g5：相似度 0.916 / 与原句 0.891 / 节奏偏差 0.066 → 综合 1.754
21:44:19 | 评估模型 s4-g10 ……
21:44:21 |   s4-g10：相似度 0.916 / 与原句 0.892 / 节奏偏差 0.047 → 综合 1.770
21:44:21 | 评估模型 s4-g15 ……
21:44:21 |   s4-g15：相似度 0.918 / 与原句 0.891 / 节奏偏差 0.045 → 综合 1.774
21:44:21 | 评估模型 s8-g5 ……
21:44:22 |   s8-g5：相似度 0.916 / 与原句 0.891 / 节奏偏差 0.066 → 综合 1.754
21:44:22 | 评估模型 s8-g10 ……
21:44:22 |   s8-g10：相似度 0.916 / 与原句 0.892 / 节奏偏差 0.047 → 综合 1.770
21:44:22 | 评估模型 s8-g15 ……
21:44:23 |   s8-g15：相似度 0.918 / 与原句 0.891 / 节奏偏差 0.045 → 综合 1.774
21:44:23 | 最佳模型：s4-g15；语速校准：{'zh': 1.0, 'en': 1.054}
21:44:28 | 共 7 句，引擎 GPT-SoVITS，质量 balanced（每句 3 个候选）
21:44:28 | 启动 GPT-SoVITS 推理服务（端口 19991，模型 s4-g15）……
21:44:30 | GPT-SoVITS 推理服务已就绪
21:44:31 | [1/7] 生成 第四课：生成器表达式。（相似度 0.92）
21:44:31 | [2/7] 生成 大家好，欢迎回来。（相似度 0.85）
21:44:32 | [3/7] 生成 上节课我们学习了列表推导式，今天我们来学习生成器表达式。（相似度 0.97）
21:44:32 | [4/7] 生成 生成器表达式的写法和列表推导式几乎一样，只是把中括号换成（相似度 0.94）
21:44:32 | [5/7] 生成 那么它们有什么区别呢？（相似度 0.90）
21:44:33 | [6/7] 生成 最大的区别在于，生成器不会一次性把所有结果都放进内存。（相似度 0.95）
21:44:33 | [7/7] 生成 Let's look at a quick exampl（相似度 0.86）
21:44:33 | 输出响度 -17.5 LUFS，时长 34.0 秒
