== 01: texts=19 islands=226 g=0.8718944
[-1]    0.420-   3.295  isl=  4 anchor=1.0000 unmatched_blocks=0 | The Robber Who Thought Lemon Juice Made Him Invisible
     lead 16.7ms max -64.7 err -64.9 | trail 46.4ms max -59.0 err -65.4 first5 -59.0 lastIslEnd->trail 35.2ms
[ 0]    4.397-  15.132  isl= 23 anchor=1.0000 unmatched_blocks=58 | On 6 January 1995, McArthur Wheeler and an accomplice raided two Pittsburgh-area
     unmatched block raw 3.040-3.050 lvl -43.3 dB
     unmatched block raw 3.060-3.070 lvl -43.7 dB
     unmatched block raw 3.070-3.080 lvl -44.2 dB
     unmatched block raw 3.080-3.090 lvl -43.4 dB
     unmatched block raw 3.090-3.100 lvl -44.1 dB
     unmatched block raw 3.100-3.110 lvl -43.9 dB
     unmatched block raw 3.110-3.120 lvl -44.8 dB
     unmatched block raw 3.150-3.160 lvl -43.6 dB
     unmatched block raw 3.160-3.170 lvl -44.2 dB
     lead 87.0ms max -50.8 err -50.8 | trail 48.7ms max -58.0 err -67.1 first5 -58.0 lastIslEnd->trail 9.0ms
     cut tail=0ms onset=0ms (smpPk: 0/0) first5=-64.58254014740477 last5=-50.80668937599242
     edit raw 2.8150-3.1900 A 7.1117-7.4917 lost=375.0ms (max -40.9 dB re rmsPk, -49.7 re smpPk) shift=+5.0ms ins_nz=0 pre=-61.6 post=-50.1 | 1995, McArthur
     cut tail=0ms onset=0ms (smpPk: 0/0) first5=-66.34575950627209 last5=-63.86597371757762
     edit raw 9.2400-9.6550 A 13.5417-13.9217 lost=415.0ms (max -51.0 dB re rmsPk, -59.9 re smpPk) shift=-35.0ms ins_nz=0 pre=-66.8 post=-54.7 | daylight,
     ISL  3 raw 3.045-3.120 A None-None dur=75ms ncc=0.00000 lost=1800 lostdb=-42.03846092532351 alt=[(0, -42.0, -186.6), (2, -44.4, -184.2), (4, -42.6, -186.1), (5, -44.6, -184.1), (6, -43.9, -184.7), (7, -43.9, -184.8)] splits=1 | 1995,
     ISL  4 raw 3.155-3.165 A None-None dur=10ms ncc=0.00000 lost=240 lostdb=-40.85714363726478 alt=[(0, -41.0, -187.6), (1, -42.4, -186.3)] splits=1 | 
     ISL  5 raw 3.180-3.185 A None-None dur=5ms ncc=0.00000 lost=120 lostdb=-44.77289358043855 alt=[(0, -44.8, -183.9)] splits=1 | 
[ 1]   16.214-  23.959  isl= 13 anchor=1.0000 unmatched_blocks=24 | Their only camouflage was lemon juice, rubbed on in the earnest conviction that 
     lead 6.9ms max -66.0 err -68.9 | trail 47.0ms max -60.4 err -70.8 first5 -60.9 lastIslEnd->trail 10.0ms
     cut tail=0ms onset=0ms (smpPk: 0/0) first5=-59.574770993847196 last5=-56.77322034540012
     edit raw 2.6500-3.0750 A 18.8393-19.2193 lost=425.0ms (max -47.8 dB re rmsPk, -57.1 re smpPk) shift=-45.0ms ins_nz=0 pre=-66.0 post=-59.9 | juice,
[ 2]   25.241-  27.216  isl=  3 anchor=1.0000 unmatched_blocks=1 | The rationale had a kernel of truth.
     lead 5.9ms max -65.3 err -70.5 | trail 49.0ms max -55.9 err -64.2 first5 -55.9 lastIslEnd->trail 20.3ms
[ 3]   28.306-  35.031  isl= 15 anchor=1.0000 unmatched_blocks=8 | Lemon juice is a time-honoured invisible ink, and Wheeler made an inventive leap
     lead 28.5ms max -60.2 err -63.4 | trail 46.9ms max -54.9 err -62.6 first5 -56.4 lastIslEnd->trail 34.1ms
     cut tail=0ms onset=0ms (smpPk: 0/0) first5=-65.66268888072815 last5=-54.49667159790367
     edit raw 3.1650-3.3550 A 31.4307-31.8107 lost=190.0ms (max -54.5 dB re rmsPk, -61.6 re smpPk) shift=+190.0ms ins_nz=0 pre=-61.9 post=-56.4 | ink,
[ 4]   36.132-  42.517  isl= 14 anchor=1.0000 unmatched_blocks=13 | His Polaroid self-portrait came out devoid of its subject, a result he took as c
     lead 28.2ms max -60.5 err -64.5 | trail 48.9ms max -49.6 err -64.9 first5 -49.6 lastIslEnd->trail 13.1ms
     cut tail=0ms onset=0ms (smpPk: 0/0) first5=-62.55922049176793 last5=-54.35356422257562
     edit raw 3.8100-3.9750 A 39.9017-40.2817 lost=165.0ms (max -54.0 dB re rmsPk, -62.3 re smpPk) shift=+215.0ms ins_nz=0 pre=-58.7 post=-55.2 | subject, a
[ 5]   43.809-  45.804  isl=  4 anchor=1.0000 unmatched_blocks=1 | The security cameras begged to differ.
     lead 28.1ms max -59.2 err -59.8 | trail 47.7ms max -56.7 err -62.0 first5 -56.7 lastIslEnd->trail 19.3ms
[ 6]   46.896-  55.256  isl= 12 anchor=1.0000 unmatched_blocks=18 | On 19 April the eleven o'clock news showed viewers the damning images, and Wheel
     lead 56.3ms max -59.3 err -59.3 | trail 43.8ms max -65.8 err -68.6 first5 -65.8 lastIslEnd->trail 29.5ms
     cut tail=0ms onset=0ms (smpPk: 0/0) first5=-55.684530360853145 last5=-56.91477338464911
     edit raw 5.3450-5.7500 A 52.1657-52.5457 lost=405.0ms (max -45.7 dB re rmsPk, -52.1 re smpPk) shift=-25.0ms ins_nz=0 pre=-68.7 post=-60.7 | images, and Wheeler
[ 7]   56.354-  61.654  isl= 10 anchor=1.0000 unmatched_blocks=26 | Confronted with the tapes, he protested in sheer disbelief that he had worn the 
     lead 5.6ms max -70.7 err -74.8 | trail 47.2ms max -62.3 err -68.4 first5 -62.3 lastIslEnd->trail 11.1ms
     cut tail=0ms onset=0ms (smpPk: 0/0) first5=-67.66679823292519 last5=-62.236735287218174
     edit raw 1.3600-1.6900 A 57.6890-58.0690 lost=330.0ms (max -49.3 dB re rmsPk, -57.6 re smpPk) shift=+50.0ms ins_nz=0 pre=-61.1 post=-61.4 | tapes,
[ 8]   62.932-  69.302  isl= 11 anchor=1.0000 unmatched_blocks=26 | Reading about the case, the Cornell psychologist David Dunning pondered a disqui
     lead 37.5ms max -57.9 err -61.5 | trail 51.8ms max -56.0 err -65.2 first5 -56.0 lastIslEnd->trail 33.5ms
     cut tail=0ms onset=0ms (smpPk: 0/0) first5=-55.12938816360595 last5=-63.197257550632585
     edit raw 1.4200-1.7800 A 64.3023-64.6823 lost=360.0ms (max -46.5 dB re rmsPk, -53.4 re smpPk) shift=+20.0ms ins_nz=0 pre=-65.7 post=-59.1 | case,
[ 9]   70.402-  76.852  isl= 14 anchor=1.0000 unmatched_blocks=33 | Perhaps incompetence can cloak itself, robbing people of the discernment to noti
     unmatched block raw 6.470-6.480 lvl -41.8 dB
     lead 26.5ms max -65.9 err -65.9 | trail 49.4ms max -43.7 err -63.8 first5 -43.7 lastIslEnd->trail -1.4ms
     cut tail=0ms onset=0ms (smpPk: 0/0) first5=-61.232833278044836 last5=-52.79529026620735
     edit raw 2.6000-2.9700 A 72.9623-73.3423 lost=370.0ms (max -44.5 dB re rmsPk, -54.6 re smpPk) shift=+10.0ms ins_nz=0 pre=-58.6 post=-53.8 | itself,
     ISL  7 raw 2.880-2.885 A None-None dur=5ms ncc=0.00000 lost=120 lostdb=-44.47992870418422 alt=[(0, -44.5, -183.5)] splits=1 | itself,
     ISL  8 raw 2.910-2.915 A None-None dur=5ms ncc=0.00000 lost=120 lostdb=-44.848204756786885 alt=[(0, -44.8, -183.2)] splits=1 | 
[10]   78.130-  87.625  isl= 15 anchor=1.0000 unmatched_blocks=61 | For a 1999 paper, Dunning and his student Justin Kruger quizzed Cornell undergra
     lead 18.2ms max -63.8 err -69.2 | trail 49.3ms max -50.2 err -61.8 first5 -50.2 lastIslEnd->trail 20.0ms
     cut tail=0ms onset=0ms (smpPk: 0/0) first5=-65.13120148565679 last5=-63.579960130322284
     edit raw 2.1250-2.5250 A 80.2153-80.5953 lost=400.0ms (max -49.1 dB re rmsPk, -55.7 re smpPk) shift=-20.0ms ins_nz=0 pre=-60.5 post=-60.9 | paper,
     cut tail=0ms onset=0ms (smpPk: 0/0) first5=-63.278639187838294 last5=-61.655008602615766
     edit raw 7.3400-7.6850 A 85.4103-85.5903 lost=345.0ms (max -46.7 dB re rmsPk, -53.4 re smpPk) shift=-165.0ms ins_nz=0 pre=-54.4 post=-58.3 | humour,
     cut tail=0ms onset=0ms (smpPk: 0/0) first5=-57.43703484276115 last5=-64.92615202302193
     edit raw 8.2900-8.4300 A 86.1953-86.3753 lost=140.0ms (max -53.3 dB re rmsPk, -60.0 re smpPk) shift=+40.0ms ins_nz=0 pre=-60.8 post=-62.2 | grammar,
[11]   88.720-  99.220  isl= 21 anchor=1.0000 unmatched_blocks=14 | The bottom quarter of scorers averaged the 12th percentile but generously placed
     unmatched block raw 7.100-7.110 lvl -44.3 dB
     lead 17.7ms max -63.8 err -66.6 | trail 47.8ms max -54.1 err -63.6 first5 -54.1 lastIslEnd->trail 13.9ms
     cut tail=0ms onset=0ms (smpPk: 0/0) first5=-49.15483422870662 last5=-56.16867615063385
     edit raw 7.1000-7.5500 A 95.7847-96.1647 lost=450.0ms (max -42.0 dB re rmsPk, -50.5 re smpPk) shift=-70.0ms ins_nz=0 pre=-57.1 post=-63.8 | 62nd, whereas
     ISL 15 raw 7.105-7.110 A None-None dur=5ms ncc=0.00000 lost=120 lostdb=-42.044051804661215 alt=[(0, -42.0, -186.8)] splits=1 | 62nd,
[12]  100.306- 108.391  isl= 11 anchor=1.0000 unmatched_blocks=33 | The unskilled, the authors argued, bear a dual burden, since appraisal calls for
     unmatched block raw 0.910-0.920 lvl -27.0 dB
     unmatched block raw 2.210-2.220 lvl -40.3 dB
     unmatched block raw 3.770-3.780 lvl -44.8 dB
     unmatched block raw 3.800-3.810 lvl -44.7 dB
     unmatched block raw 3.810-3.820 lvl -44.9 dB
     unmatched block raw 3.820-3.830 lvl -43.3 dB
     lead 18.4ms max -60.9 err -64.2 | trail 44.4ms max -56.4 err -65.7 first5 -56.4 lastIslEnd->trail 37.0ms
     cut tail=0ms onset=0ms (smpPk: 0/0) first5=None last5=None
     edit raw 0.9150-0.9150 A 101.1863-101.5863 lost=0.0ms (max -200.0 dB re rmsPk, -200.0 re smpPk) shift=+400.0ms ins_nz=0 pre=-25.1 post=-30.4 | unskilled,
     cut tail=0ms onset=0ms (smpPk: 0/0) first5=None last5=None
     edit raw 2.2150-2.2150 A 102.8863-103.2863 lost=0.0ms (max -200.0 dB re rmsPk, -200.0 re smpPk) shift=+400.0ms ins_nz=0 pre=-39.2 post=-41.8 | bear
     cut tail=0ms onset=0ms (smpPk: 0/0) first5=-61.27326460228302 last5=-56.13966663557272
     edit raw 3.5400-3.9000 A 104.6113-104.9913 lost=360.0ms (max -42.6 dB re rmsPk, -50.0 re smpPk) shift=+20.0ms ins_nz=0 pre=-53.7 post=-56.4 | burden,
     ISL  1 raw 0.535-3.505 A 100.80633333333333-104.57629166666666 dur=2970ms ncc=1.00000 lost=0 lostdb=None alt=[] splits=2 | unskilled, the authors argued, bear a dual burden,
     ISL  2 raw 3.775-3.780 A None-None dur=5ms ncc=0.00000 lost=120 lostdb=-43.264213115474305 alt=[(0, -43.3, -183.3)] splits=1 | burden,
     ISL  3 raw 3.800-3.845 A None-None dur=45ms ncc=0.00000 lost=1080 lostdb=-42.64600624987699 alt=[(0, -44.0, -182.6), (2, -43.6, -182.9), (4, -44.1, -182.4), (5, -42.6, -183.9), (8, -43.8, -182.7)] splits=1 | burden,
[13]  109.698- 118.398  isl= 22 anchor=1.0000 unmatched_blocks=9 | Detractors traced part of the Dunning-Kruger disparity to regression to the mean
     lead 16.0ms max -65.0 err -66.7 | trail 41.8ms max -66.3 err -67.9 first5 -68.7 lastIslEnd->trail 29.2ms
     cut tail=0ms onset=0ms (smpPk: 0/0) first5=-65.16995928013974 last5=-56.855937670007464
     edit raw 4.7150-4.8650 A 114.3777-114.7577 lost=150.0ms (max -55.8 dB re rmsPk, -63.3 re smpPk) shift=+230.0ms ins_nz=0 pre=-57.0 post=-55.2 | mean,
[14]  119.494- 123.804  isl=  9 anchor=1.0000 unmatched_blocks=2 | Studies designed to avoid it still find a smaller but tangible effect.
     lead 27.1ms max -67.7 err -68.9 | trail 49.2ms max -52.6 err -68.6 first5 -52.6 lastIslEnd->trail 11.8ms
[15]  124.885- 129.980  isl=  8 anchor=1.0000 unmatched_blocks=0 | In 2023 the pair garnered the Grawemeyer psychology award.
     lead 16.0ms max -65.0 err -65.0 | trail 39.7ms max -64.0 err -66.9 first5 -66.4 lastIslEnd->trail 40.6ms
[16]  131.285- 136.855  isl= 12 anchor=1.0000 unmatched_blocks=8 | In fairness, Wheeler had tested his method empirically before staking his libert
     lead 6.9ms max -68.0 err -69.4 | trail 88.5ms max -52.5 err -54.4 first5 -66.7 lastIslEnd->trail 40.5ms
     cut tail=0ms onset=0ms (smpPk: 0/0) first5=-47.83774952623708 last5=-65.01075980571346
     edit raw 0.8000-0.9600 A 132.0600-132.4400 lost=160.0ms (max -47.8 dB re rmsPk, -53.3 re smpPk) shift=+220.0ms ins_nz=0 pre=-53.7 post=-57.6 | fairness,
[17]  137.960- 141.405  isl=  5 anchor=1.0000 unmatched_blocks=0 | The camera that missed him was the one he turned on himself.
     lead 24.7ms max -62.5 err -62.5 | trail 44.9ms max -59.7 err -64.4 first5 -62.6 lastIslEnd->trail 32.8ms
extra non-zero runs not explained by raw copies: 0
