== 03: texts=20 islands=228 g=0.8547881
[-1]    0.425-   3.460  isl=  9 anchor=1.0000 unmatched_blocks=1 | The Doctor Who Drank Bacteria to Win an Argument
     lead 16.9ms max -64.2 err -67.1 | trail 46.9ms max -60.5 err -66.3 first5 -60.5 lastIslEnd->trail 19.1ms
[ 0]    4.546-  17.186  isl= 21 anchor=1.0000 unmatched_blocks=13 | In 1984 Barry Marshall, a 32-year-old doctor at Fremantle Hospital, drank a brew
     lead 26.4ms max -63.2 err -63.2 | trail 47.5ms max -58.5 err -66.7 first5 -58.5 lastIslEnd->trail 12.1ms
     cut tail=0ms onset=0ms (smpPk: 0/0) first5=-62.27761297524688 last5=-56.86676224748776
     edit raw 2.3700-2.7598 A 6.8760-7.2558 lost=389.8ms (max -47.3 dB re rmsPk, -56.3 re smpPk) shift=-10.0ms ins_nz=0 pre=-57.3 post=-63.8 | Marshall,
     cut tail=0ms onset=0ms (smpPk: 0/0) first5=-62.80158905218301 last5=-57.11044156568194
     edit raw 6.1251-6.1500 A 10.6211-11.0010 lost=24.8ms (max -57.8 dB re rmsPk, -66.7 re smpPk) shift=+355.0ms ins_nz=0 pre=-60.0 post=-57.9 | Hospital,
[ 1]   18.471-  24.771  isl= 13 anchor=1.0000 unmatched_blocks=4 | The prevalent doctrine blamed ulcers on stress, spicy food, and excess acid secr
     lead 17.2ms max -62.8 err -66.4 | trail 49.2ms max -59.2 err -64.1 first5 -63.6 lastIslEnd->trail 32.8ms
     cut tail=0ms onset=0ms (smpPk: 0/0) first5=-59.41976906875462 last5=-61.188864003978615
     edit raw 2.8100-3.0400 A 21.2457-21.4257 lost=230.0ms (max -55.7 dB re rmsPk, -64.5 re smpPk) shift=-50.0ms ins_nz=0 pre=-58.9 post=-59.0 | stress,
     cut tail=0ms onset=0ms (smpPk: 0/0) first5=None last5=None
     edit raw 4.0950-4.0950 A 22.4807-22.6757 lost=0.0ms (max -200.0 dB re rmsPk, -200.0 re smpPk) shift=+195.0ms ins_nz=0 pre=-48.0 post=-55.2 | food,
[ 2]   25.876-  32.486  isl= 13 anchor=1.0000 unmatched_blocks=40 | No bacterium, the profession firmly held, could withstand so caustic and hostile
     lead 17.1ms max -63.7 err -64.1 | trail 68.2ms max -55.5 err -60.1 first5 -66.3 lastIslEnd->trail 33.1ms
     cut tail=0ms onset=0ms (smpPk: 0/0) first5=-55.51940991303957 last5=-52.514714369281144
     edit raw 1.1550-1.2050 A 26.9957-27.3757 lost=50.0ms (max -52.1 dB re rmsPk, -57.6 re smpPk) shift=+330.0ms ins_nz=0 pre=-50.8 post=-51.7 | bacterium,
     cut tail=0ms onset=0ms (smpPk: 0/0) first5=-60.65512519488835 last5=-65.49642474699428
     edit raw 2.8300-3.2149 A 29.0007-29.3806 lost=384.9ms (max -44.7 dB re rmsPk, -50.2 re smpPk) shift=-5.0ms ins_nz=0 pre=-59.7 post=-66.6 | held, could
     ISL  5 raw 3.045-3.050 A None-None dur=5ms ncc=0.00000 lost=120 lostdb=-44.84226013264599 alt=[(0, -44.8, -182.9)] splits=1 | held,
[ 3]   33.791-  44.296  isl= 20 anchor=1.0000 unmatched_blocks=38 | Yet Robin Warren, a pathologist at Royal Perth Hospital, had seen curved, coiled
     unmatched block raw 4.130-4.140 lvl -44.8 dB
     unmatched block raw 4.140-4.150 lvl -43.8 dB
     unmatched block raw 4.150-4.160 lvl -44.6 dB
     unmatched block raw 4.160-4.170 lvl -44.0 dB
     unmatched block raw 4.170-4.180 lvl -43.3 dB
     unmatched block raw 4.180-4.190 lvl -43.6 dB
     unmatched block raw 4.190-4.200 lvl -43.9 dB
     unmatched block raw 4.200-4.210 lvl -41.9 dB
     unmatched block raw 4.210-4.220 lvl -42.4 dB
     unmatched block raw 4.220-4.230 lvl -43.4 dB
     unmatched block raw 4.230-4.240 lvl -43.1 dB
     unmatched block raw 4.240-4.250 lvl -44.0 dB
     unmatched block raw 4.250-4.260 lvl -43.0 dB
     unmatched block raw 4.260-4.270 lvl -43.9 dB
     lead 19.0ms max -60.1 err -61.4 | trail 49.3ms max -50.1 err -64.4 first5 -50.1 lastIslEnd->trail 5.0ms
     cut tail=0ms onset=0ms (smpPk: 0/0) first5=-58.25092417259218 last5=-66.53172879874697
     edit raw 1.2600-1.4750 A 35.0157-35.3957 lost=215.0ms (max -50.2 dB re rmsPk, -55.9 re smpPk) shift=+165.0ms ins_nz=0 pre=-59.2 post=-63.8 | Warren,
     cut tail=0ms onset=0ms (smpPk: 0/0) first5=-54.98564470889019 last5=-54.74566263714774
     edit raw 4.0300-4.3200 A 37.9507-38.3306 lost=290.0ms (max -41.0 dB re rmsPk, -46.7 re smpPk) shift=+90.0ms ins_nz=0 pre=-56.1 post=-59.6 | Hospital,
     cut tail=0ms onset=0ms (smpPk: 0/0) first5=-63.46779559913305 last5=-67.05887677816574
     edit raw 5.4750-5.9050 A 39.4857-39.8657 lost=430.0ms (max -56.4 dB re rmsPk, -62.0 re smpPk) shift=-50.0ms ins_nz=0 pre=-57.1 post=-69.2 | curved,
     ISL  6 raw 4.085-4.275 A None-None dur=190ms ncc=0.00000 lost=4560 lostdb=-40.99984177401895 alt=[(0, -45.0, -184.5), (3, -45.0, -184.5), (5, -44.8, -184.6), (8, -44.8, -184.7), (9, -44.3, -185.2), (12, -42.7, -186.8)] splits=1 | Hospital,
[ 4]   45.370-  47.455  isl=  2 anchor=1.0000 unmatched_blocks=3 | Marshall began to collaborate with him.
     lead 28.8ms max -54.3 err -60.1 | trail 48.0ms max -52.6 err -64.0 first5 -56.1 lastIslEnd->trail 24.3ms
[ 5]   48.547-  59.562  isl= 23 anchor=1.0000 unmatched_blocks=23 | Attempts to culture the germ were invariably unsuccessful until Easter 1982, whe
     lead 17.5ms max -59.9 err -59.9 | trail 47.3ms max -56.7 err -66.2 first5 -56.7 lastIslEnd->trail 7.4ms
     cut tail=0ms onset=0ms (smpPk: 0/0) first5=-60.49361898973716 last5=-51.4803379785682
     edit raw 6.2800-6.6750 A 54.7973-55.1773 lost=395.0ms (max -43.6 dB re rmsPk, -51.6 re smpPk) shift=-15.0ms ins_nz=0 pre=-57.8 post=-54.2 | 1982,
     ISL 13 raw 6.660-6.665 A None-None dur=5ms ncc=0.00000 lost=120 lostdb=-44.217550857080525 alt=[(0, -44.2, -183.5)] splits=1 | 1982,
[ 6]   60.637-  62.672  isl=  4 anchor=1.0000 unmatched_blocks=4 | They were ordinarily binned after two.
     lead 49.0ms max -55.5 err -55.5 | trail 43.6ms max -60.3 err -65.0 first5 -60.3 lastIslEnd->trail 37.4ms
[ 7]   63.778-  64.923  isl=  1 anchor=1.0000 unmatched_blocks=1 | Colonies blossomed.
     lead 8.2ms max -63.0 err -70.4 | trail 43.9ms max -58.1 err -59.2 first5 -58.7 lastIslEnd->trail 44.8ms
[ 8]   66.032-  69.682  isl=  6 anchor=1.0000 unmatched_blocks=1 | The organism was later named Helicobacter pylori.
     lead 17.7ms max -63.9 err -64.8 | trail 46.5ms max -57.0 err -67.6 first5 -57.0 lastIslEnd->trail 28.2ms
[ 9]   70.976-  82.381  isl= 20 anchor=1.0000 unmatched_blocks=2 | In 1983 unimpressed assessors at the Gastroenterological Society of Australia re
     lead 24.4ms max -69.1 err -69.1 | trail 48.7ms max -51.9 err -67.9 first5 -51.9 lastIslEnd->trail 5.0ms
[10]   83.455-  86.105  isl=  6 anchor=1.0000 unmatched_blocks=0 | Efforts to infect swine were likewise in vain.
     lead 88.0ms max -56.7 err -56.7 | trail 46.8ms max -62.5 err -66.4 first5 -67.2 lastIslEnd->trail 40.5ms
[11]   87.217-  89.112  isl=  2 anchor=1.0000 unmatched_blocks=2 | Marshall made himself the guinea pig.
     lead 17.9ms max -60.6 err -61.8 | trail 47.5ms max -54.9 err -66.0 first5 -54.9 lastIslEnd->trail 27.9ms
[12]   90.413-  96.358  isl=  7 anchor=1.0000 unmatched_blocks=25 | Within days Marshall was vomiting, his breath had a disagreeable odour and weari
     lead 27.7ms max -62.0 err -62.7 | trail 46.5ms max -56.6 err -66.5 first5 -56.6 lastIslEnd->trail 38.5ms
     cut tail=0ms onset=0ms (smpPk: 0/0) first5=-55.994637133591965 last5=-62.17495913985239
     edit raw 2.1801-2.5650 A 92.5477-92.9277 lost=384.9ms (max -46.1 dB re rmsPk, -53.7 re smpPk) shift=-5.0ms ins_nz=0 pre=-63.4 post=-62.0 | vomiting,
[13]   97.468- 108.648  isl= 20 anchor=1.0000 unmatched_blocks=51 | About ten days later an endoscopy revealed gastritis, an inflammation of the sto
     unmatched block raw 8.840-8.850 lvl -43.2 dB
     unmatched block raw 8.850-8.860 lvl -44.0 dB
     lead 17.8ms max -56.5 err -56.5 | trail 44.8ms max -62.2 err -68.5 first5 -62.2 lastIslEnd->trail 31.2ms
     cut tail=0ms onset=0ms (smpPk: 0/0) first5=-57.74588061715281 last5=-55.481703098358196
     edit raw 3.7501-3.9150 A 101.1827-101.5627 lost=164.9ms (max -55.7 dB re rmsPk, -65.2 re smpPk) shift=+215.0ms ins_nz=0 pre=-61.2 post=-56.4 | an
     cut tail=0ms onset=0ms (smpPk: 0/0) first5=-51.18467558710786 last5=-68.48257922286687
     edit raw 8.5000-8.9400 A 106.1477-106.5277 lost=440.0ms (max -42.2 dB re rmsPk, -51.7 re smpPk) shift=-60.0ms ins_nz=0 pre=-60.2 post=-64.6 | ulcers,
     ISL 15 raw 8.815-8.855 A None-None dur=40ms ncc=0.00000 lost=960 lostdb=-42.341682931111855 alt=[(0, -43.3, -185.4), (1, -44.7, -184.0), (3, -44.0, -184.7), (5, -42.3, -186.4), (6, -44.4, -184.3), (7, -42.4, -186.3)] splits=1 | ulcers,
[14]  109.749- 112.504  isl=  8 anchor=1.0000 unmatched_blocks=1 | The germ was cultured directly from his stomach.
     lead 7.8ms max -60.7 err -67.5 | trail 46.8ms max -60.1 err -64.9 first5 -61.1 lastIslEnd->trail 31.9ms
[15]  113.807- 119.992  isl= 13 anchor=1.0000 unmatched_blocks=39 | Spurred on by his insistent spouse, Marshall took antibiotics, which cleared the
     unmatched block raw 2.670-2.680 lvl -44.0 dB
     lead 16.9ms max -66.5 err -68.8 | trail 57.0ms max -54.6 err -63.7 first5 -54.6 lastIslEnd->trail 33.6ms
     cut tail=0ms onset=0ms (smpPk: 0/0) first5=-55.143220637161036 last5=-52.14022668122149
     edit raw 2.3350-2.7150 A 116.1073-116.4873 lost=380.0ms (max -42.2 dB re rmsPk, -49.3 re smpPk) shift=+0.0ms ins_nz=0 pre=-59.3 post=-55.5 | spouse,
     cut tail=0ms onset=0ms (smpPk: 0/0) first5=None last5=None
     edit raw 4.4750-4.4750 A 118.2473-118.6273 lost=0.0ms (max -200.0 dB re rmsPk, -200.0 re smpPk) shift=+380.0ms ins_nz=0 pre=-58.5 post=-60.6 | antibiotics, which
     ISL  4 raw 2.675-2.680 A None-None dur=5ms ncc=0.00000 lost=120 lostdb=-42.233101759101324 alt=[(0, -42.2, -185.2)] splits=1 | 
[16]  121.092- 123.772  isl=  7 anchor=1.0000 unmatched_blocks=2 | Ulcers came to be treated with such medication.
     lead 26.6ms max -66.3 err -68.4 | trail 47.6ms max -58.5 err -65.1 first5 -58.6 lastIslEnd->trail 27.0ms
[17]  125.067- 137.932  isl= 24 anchor=1.0000 unmatched_blocks=1 | In 2005 Marshall and Warren shared the Nobel Prize in Physiology or Medicine for
     lead 24.4ms max -67.8 err -67.8 | trail 48.0ms max -60.8 err -68.7 first5 -60.8 lastIslEnd->trail 13.0ms
     cut tail=0ms onset=0ms (smpPk: 0/0) first5=-65.11770668677632 last5=-63.720824827786345
     edit raw 9.0151-9.1050 A 134.0421-134.0420 lost=89.9ms (max -62.9 dB re rmsPk, -69.6 re smpPk) shift=-90.0ms ins_nz=0 pre=-68.1 post=-65.0 | pylori
[18]  139.018- 145.453  isl=  9 anchor=1.0000 unmatched_blocks=38 | Gastritis, the illness Marshall had willingly given himself, is named in the pri
     lead 16.0ms max -66.8 err -67.2 | trail 47.7ms max -56.1 err -64.7 first5 -60.8 lastIslEnd->trail 31.6ms
     cut tail=0ms onset=0ms (smpPk: 0/0) first5=-66.68257478833361 last5=-58.7195296192612
     edit raw 0.9151-0.9500 A 139.8981-140.2780 lost=34.9ms (max -56.7 dB re rmsPk, -65.7 re smpPk) shift=+345.0ms ins_nz=0 pre=-59.1 post=-60.5 | Gastritis,
     cut tail=0ms onset=0ms (smpPk: 0/0) first5=-59.24305019188903 last5=-60.36100896144055
     edit raw 3.6250-4.0300 A 142.9530-143.3330 lost=405.0ms (max -47.4 dB re rmsPk, -56.3 re smpPk) shift=-25.0ms ins_nz=0 pre=-63.2 post=-64.4 | himself, is
extra non-zero runs not explained by raw copies: 0
