== 02: texts=17 islands=224 g=0.8766233
[-1]    0.425-   2.225  isl=  2 anchor=1.0000 unmatched_blocks=0 | The Truth About One Marshmallow
     lead 25.9ms max -65.3 err -65.3 | trail 79.4ms max -59.8 err -60.2 first5 -61.5 lastIslEnd->trail 59.6ms
[ 0]    3.355-  10.015  isl= 18 anchor=1.0000 unmatched_blocks=0 | Picture a nursery school on Stanford's campus in the late 1960s and early 1970s.
     lead 16.7ms max -64.5 err -64.9 | trail 41.6ms max -65.9 err -67.3 first5 -65.9 lastIslEnd->trail 26.0ms
[ 1]   11.108-  22.643  isl= 18 anchor=1.0000 unmatched_blocks=67 | A child of about four or five sits in solitude before one treat, facing a blunt 
     unmatched block raw 4.540-4.550 lvl -44.7 dB
     unmatched block raw 4.560-4.570 lvl -44.2 dB
     unmatched block raw 4.570-4.580 lvl -44.1 dB
     unmatched block raw 7.680-7.690 lvl -43.4 dB
     lead 108.3ms max -49.0 err -49.0 | trail 47.2ms max -56.0 err -64.5 first5 -56.0 lastIslEnd->trail 25.8ms
     cut tail=0ms onset=0ms (smpPk: 0/0) first5=-59.59236255035104 last5=-55.958085219313254
     edit raw 4.3350-4.6449 A 15.3177-15.6976 lost=309.9ms (max -43.1 dB re rmsPk, -49.0 re smpPk) shift=+70.0ms ins_nz=0 pre=-56.0 post=-57.9 | treat,
     cut tail=0ms onset=0ms (smpPk: 0/0) first5=-58.413967665565075 last5=-73.4548417512675
     edit raw 6.2300-6.6600 A 17.2827-17.6627 lost=430.0ms (max -58.4 dB re rmsPk, -64.3 re smpPk) shift=-50.0ms ins_nz=0 pre=-54.9 post=-67.7 | bargain:
     cut tail=0ms onset=0ms (smpPk: 0/0) first5=-57.58210391176817 last5=-63.83163832880793
     edit raw 7.4450-7.7600 A 18.4477-18.8277 lost=315.0ms (max -42.2 dB re rmsPk, -48.1 re smpPk) shift=+65.0ms ins_nz=0 pre=-60.7 post=-62.0 | now,
     ISL  5 raw 4.540-4.545 A None-None dur=5ms ncc=0.00000 lost=120 lostdb=-43.66851140051567 alt=[(0, -43.7, -186.0)] splits=1 | treat,
     ISL  6 raw 4.560-4.585 A None-None dur=25ms ncc=0.00000 lost=600 lostdb=-43.520610552577 alt=[(0, -44.9, -184.8), (1, -43.7, -186.0), (2, -44.9, -184.8), (3, -43.5, -186.1), (4, -44.9, -184.7)] splits=1 | treat,
     ISL  9 raw 7.650-7.655 A None-None dur=5ms ncc=0.00000 lost=120 lostdb=-44.36099016894051 alt=[(0, -44.4, -185.3)] splits=1 | now,
     ISL 10 raw 7.675-7.695 A None-None dur=20ms ncc=0.00000 lost=480 lostdb=-42.182957899276474 alt=[(0, -43.1, -186.6), (1, -42.7, -186.9), (2, -44.2, -185.4), (3, -43.6, -186.0)] splits=1 | now,
[ 2]   23.741-  28.401  isl=  8 anchor=1.0000 unmatched_blocks=27 | Impulsive children often surrender instantly; resolute ones hold out.
     lead 7.0ms max -66.5 err -68.0 | trail 46.7ms max -58.4 err -66.1 first5 -58.4 lastIslEnd->trail 23.0ms
     cut tail=0ms onset=0ms (smpPk: 0/0) first5=-63.75216601078822 last5=-60.56249065553848
     edit raw 2.7551-3.0950 A 26.4708-26.8507 lost=339.9ms (max -48.9 dB re rmsPk, -57.2 re smpPk) shift=+40.0ms ins_nz=0 pre=-63.0 post=-58.0 | instantly;
[ 3]   29.700-  31.770  isl=  4 anchor=1.0000 unmatched_blocks=3 | Follow-ups made the test legendary.
     lead 39.2ms max -54.3 err -62.9 | trail 48.2ms max -54.9 err -64.9 first5 -55.6 lastIslEnd->trail 19.2ms
[ 4]   32.858-  45.183  isl= 23 anchor=1.0000 unmatched_blocks=92 | A 1990 study in Developmental Psychology found that, as adolescents, longer wait
     lead 5.2ms max -73.0 err -75.4 | trail 47.8ms max -56.9 err -62.6 first5 -57.2 lastIslEnd->trail 9.5ms
     cut tail=0ms onset=0ms (smpPk: 0/0) first5=-55.514004029408966 last5=-70.48580061414141
     edit raw 3.8400-4.2950 A 36.6777-37.0577 lost=455.0ms (max -45.8 dB re rmsPk, -52.2 re smpPk) shift=-75.0ms ins_nz=0 pre=-59.3 post=-64.4 | found that,
     cut tail=0ms onset=0ms (smpPk: 0/0) first5=-66.99410646193242 last5=-58.843876435362354
     edit raw 5.4500-5.7850 A 38.2127-38.5927 lost=335.0ms (max -49.6 dB re rmsPk, -56.0 re smpPk) shift=+45.0ms ins_nz=0 pre=-64.6 post=-65.5 | adolescents,
     cut tail=0ms onset=0ms (smpPk: 0/0) first5=-64.90312250060094 last5=-68.11964750548759
     edit raw 9.8350-10.2200 A 42.6427-43.0227 lost=385.0ms (max -44.3 dB re rmsPk, -50.6 re smpPk) shift=-5.0ms ins_nz=0 pre=-63.5 post=-65.7 | SAT, a
     ISL 18 raw 10.135-10.140 A None-None dur=5ms ncc=0.00000 lost=120 lostdb=-44.39322871448577 alt=[(0, -44.4, -186.3)] splits=1 | a
[ 5]   46.265-  53.790  isl= 13 anchor=1.0000 unmatched_blocks=13 | A trivial snack became an emblem of virtue, and restraint at four was glorified 
     lead 77.0ms max -51.5 err -51.5 | trail 47.5ms max -57.5 err -64.3 first5 -57.5 lastIslEnd->trail 28.1ms
     cut tail=0ms onset=0ms (smpPk: 0/0) first5=-58.52373938418377 last5=-54.98316916618716
     edit raw 2.9800-3.1950 A 49.1500-49.5300 lost=215.0ms (max -53.4 dB re rmsPk, -63.4 re smpPk) shift=+165.0ms ins_nz=0 pre=-55.4 post=-54.2 | virtue,
[ 6]   55.086-  57.016  isl=  4 anchor=1.0000 unmatched_blocks=4 | Yet the foundation was precarious.
     lead 28.7ms max -57.5 err -57.5 | trail 49.1ms max -55.0 err -64.8 first5 -55.0 lastIslEnd->trail 7.5ms
[ 7]   58.092-  67.722  isl= 16 anchor=1.0000 unmatched_blocks=24 | Only a few dozen children entered the SAT analysis, predominantly the sons and d
     lead 16.4ms max -67.7 err -67.7 | trail 43.3ms max -66.3 err -69.4 first5 -67.8 lastIslEnd->trail 28.7ms
     cut tail=0ms onset=0ms (smpPk: 0/0) first5=-70.14990739931672 last5=-65.4859799628758
     edit raw 3.9202-4.3599 A 61.9825-62.3623 lost=439.7ms (max -42.2 dB re rmsPk, -51.2 re smpPk) shift=-60.0ms ins_nz=0 pre=-65.9 post=-61.7 | predominantly
     ISL  5 raw 4.290-4.295 A None-None dur=5ms ncc=0.00000 lost=120 lostdb=-42.18923473433763 alt=[(0, -42.2, -187.5)] splits=1 | predominantly
[ 8]   68.824-  79.384  isl= 18 anchor=1.0000 unmatched_blocks=15 | Such a homogeneous, privileged group could scarcely represent ordinary families,
     lead 27.0ms max -66.8 err -67.0 | trail 48.8ms max -53.3 err -66.3 first5 -53.3 lastIslEnd->trail 21.2ms
     cut tail=0ms onset=0ms (smpPk: 0/0) first5=-66.89159693319434 last5=-65.2131501845629
     edit raw 1.4850-1.6050 A 70.2593-70.6393 lost=120.0ms (max -60.3 dB re rmsPk, -68.6 re smpPk) shift=+260.0ms ins_nz=0 pre=-59.9 post=-66.5 | homogeneous,
     cut tail=0ms onset=0ms (smpPk: 0/0) first5=-59.32006400459588 last5=-55.93400075974205
     edit raw 5.3450-5.5450 A 74.3793-74.7593 lost=200.0ms (max -54.3 dB re rmsPk, -62.7 re smpPk) shift=+180.0ms ins_nz=0 pre=-65.0 post=-54.2 | families,
[ 9]   80.674-  91.829  isl= 20 anchor=1.0000 unmatched_blocks=57 | A study published in Psychological Science in May 2018 ran a conceptual replicat
     lead 27.5ms max -62.0 err -62.0 | trail 48.5ms max -60.7 err -66.9 first5 -60.7 lastIslEnd->trail 10.8ms
     cut tail=0ms onset=0ms (smpPk: 0/0) first5=-54.676769153593824 last5=-65.46982031136164
     edit raw 6.6000-7.1350 A 87.2343-87.6143 lost=535.0ms (max -47.0 dB re rmsPk, -54.0 re smpPk) shift=-155.0ms ins_nz=0 pre=-57.7 post=-62.2 | replication:
     cut tail=0ms onset=0ms (smpPk: 0/0) first5=-61.749931348704514 last5=-58.02120987022895
     edit raw 8.2150-8.5300 A 88.6943-89.0743 lost=315.0ms (max -44.2 dB re rmsPk, -51.2 re smpPk) shift=+65.0ms ins_nz=0 pre=-56.0 post=-62.6 | idea,
     cut tail=0ms onset=0ms (smpPk: 0/0) first5=-54.73481519877058 last5=-62.87040020493872
     edit raw 9.5000-9.5650 A 90.0443-90.4243 lost=65.0ms (max -54.3 dB re rmsPk, -61.3 re smpPk) shift=+315.0ms ins_nz=0 pre=-49.2 post=-58.9 | sample,
     ISL 15 raw 8.460-8.465 A None-None dur=5ms ncc=0.00000 lost=120 lostdb=-44.961640111524574 alt=[(0, -45.0, -185.0)] splits=1 | 
[10]   92.914-  99.769  isl=  9 anchor=1.0000 unmatched_blocks=1 | More than 900 youngsters from diverse backgrounds were assessed at four and a ha
     lead 16.0ms max -62.4 err -65.6 | trail 46.7ms max -59.0 err -65.9 first5 -64.0 lastIslEnd->trail 39.3ms
[11]  100.875- 104.590  isl=  4 anchor=1.0000 unmatched_blocks=1 | The raw link was roughly half as strong as the original finding.
     lead 6.7ms max -69.3 err -72.1 | trail 48.5ms max -55.5 err -65.3 first5 -56.1 lastIslEnd->trail 35.1ms
[12]  105.693- 115.053  isl= 22 anchor=1.0000 unmatched_blocks=42 | Adjusting for family background and early cognitive ability shrank it by about t
     unmatched block raw 6.200-6.210 lvl -44.2 dB
     lead 17.5ms max -61.9 err -61.9 | trail 81.9ms max -49.8 err -50.9 first5 -64.7 lastIslEnd->trail 44.1ms
     cut tail=0ms onset=0ms (smpPk: 0/0) first5=-51.4326587009228 last5=-56.75907578619036
     edit raw 5.9250-6.3250 A 111.5883-111.9683 lost=400.0ms (max -42.7 dB re rmsPk, -49.3 re smpPk) shift=-20.0ms ins_nz=0 pre=-62.3 post=-53.0 | thirds,
     ISL  8 raw 6.200-6.210 A None-None dur=10ms ncc=0.00000 lost=240 lostdb=-42.65425993493764 alt=[(0, -44.7, -185.7), (1, -43.7, -186.7)] splits=1 | thirds,
     ISL  9 raw 6.225-6.230 A None-None dur=5ms ncc=0.00000 lost=120 lostdb=-44.63070102758352 alt=[(0, -44.6, -185.7)] splits=1 | thirds,
     ISL 10 raw 6.265-6.270 A None-None dur=5ms ncc=0.00000 lost=120 lostdb=-44.899110547907775 alt=[(0, -44.9, -185.5)] splits=1 | thirds,
[13]  116.363- 120.803  isl=  8 anchor=1.0000 unmatched_blocks=15 | The test is not worthless; it may still reflect something substantive.
     lead 18.0ms max -59.9 err -62.6 | trail 47.7ms max -55.6 err -63.5 first5 -55.6 lastIslEnd->trail 18.0ms
     cut tail=0ms onset=0ms (smpPk: 0/0) first5=-60.34929265451907 last5=-53.52856663008173
     edit raw 1.6700-1.8450 A 118.0033-118.3833 lost=175.0ms (max -52.9 dB re rmsPk, -61.6 re smpPk) shift=+205.0ms ins_nz=0 pre=-56.8 post=-54.3 | worthless;
[14]  121.889- 134.864  isl= 24 anchor=1.0000 unmatched_blocks=13 | Research published in Cognition in January 2013 adds context: children whose tru
     lead 27.2ms max -59.7 err -59.7 | trail 47.3ms max -60.6 err -69.9 first5 -60.6 lastIslEnd->trail 18.0ms
     cut tail=0ms onset=0ms (smpPk: 0/0) first5=-63.353793590947056 last5=-67.4926798967253
     edit raw 5.8000-6.3050 A 127.6490-128.0290 lost=505.0ms (max -54.8 dB re rmsPk, -60.9 re smpPk) shift=-125.0ms ins_nz=0 pre=-58.9 post=-70.9 | context:
[15]  135.949- 141.609  isl= 13 anchor=1.0000 unmatched_blocks=8 | How long a child perseveres depends partly on how trustworthy the adults around 
     lead 89.2ms max -51.3 err -51.3 | trail 47.9ms max -55.2 err -64.1 first5 -55.2 lastIslEnd->trail 16.1ms
extra non-zero runs not explained by raw copies: 0
