steered         -> ['steer']
marshalled      -> ['marsh']
massive         -> ['massive']
wholesale       -> ['wholesale']
furnishing      -> ['furnish']
furnished       -> ['furnish']
defied          -> ['defiance', 'define', 'definition', 'definitively']
chased          -> ['chassi', 'purchaser']
circulated      -> ['circuit', 'circulate', 'circulation']
resisted        -> ['resist', 'resistant']
contested       -> ['contemporary', 'contend', 'contender', 'contentiou', 'contest', 'context']
scaled          -> ['large-scale', 'scale', 'scaled-down', 'scalp']
colossal        -> ['colossal']
enlarging       -> ['enlargement']
expanded        -> ['expand', 'expansion']
boosted         -> ['boost']
magnified       -> ['magnify', 'magnitude']
ballooned       -> ['ballot']
multiplied      -> ['multinational', 'multiply', 'multitude']
surrounded      -> ['surrogate', 'surround', 'surrounding']
forced          -> ['reinforce', 'reinforcement', 'workforce']
rammed          -> ['programmer']
packed          -> ['packet']
fierce          -> ['fiercely']
scorching       -> ['scorch']
glow            -> ['glow']
gauges          -> ['gauge']
thermometer     -> ['thermostat']
rattle          -> ['rattle off']
throb           -> ['breakthrough', 'comb through', 'throb', 'throng']
throbbing       -> ['throb']
droplet         -> ['droplet']
fleck           -> ['deflect', 'reflect', 'reflection', 'reflective']
tear            -> ['tear apart']
tears           -> ['tear apart']
