标题：x（1 字符）
段落词数：[73]  合计 73  ✗ 要 249–271
  ✗ 长句 73 词：spearheaded championed commanded steered marshalled massive sweeping w…
候选词 73 个：
  ✗冷僻 spearheaded  不在任何考试词表，也不常见（Zipf 3.06 < 3.3） 
  ✗基础 championed  初中词 
  △高中较常用 commanded  Zipf 4.70：语言学家判定是否达中等以上（variety 算） 
  ✓考研 steered   已被新第 09 篇占用
  ✓考研 massive   已被新第 48 篇占用
  ✗基础 sweeping  初中词 
  ✓雅思 wholesale   已被新第 21 篇占用
  ✗基础 thin  初中词 
  ✓考研 furnishing   已被新第 07 篇占用
  ✓高中中上 furnished   与 furnishing 是同一个词；已被新第 07 篇占用
  ✓考研 defied   与 defying 是同一个词
  ✗基础 chased  初中词 
  ✓高中中上 circulated   已被新第 10 篇占用
  △高中较常用 cycled  Zipf 4.60：语言学家判定是否达中等以上（variety 算） 
  ✓高中中上 resisted   已被新第 22 篇占用
  ✓考研 contested   已被新第 10 篇占用
  ✓考研 scaled   已被新第 06 篇占用
  ✓雅思 colossal   已被新第 45 篇占用
  ✓高中中上 expanded   已被新第 23 篇占用
  ✓考研 boosted   已被新第 07 篇占用
  ✓考研 magnified   已被新第 55 篇占用
  ✗基础 ballooned  初中词 
  ✓高中中上 multiplied   已被新第 12 篇占用
  ✗基础 welcomed  初中词 
  ✓高中中上 surrounded   已被新第 01 篇占用
  ✗基础 crowded  初中词 
  ✗冷僻 encircled  不在任何考试词表，也不常见（Zipf 2.93 < 3.3） 
  ✗冷僻 tabletop  不在任何考试词表，也不常见（Zipf 3.10 < 3.3） 
  ✗冷僻 prodded  不在任何考试词表，也不常见（Zipf 3.25 < 3.3） 
  ✗冷僻 nudged  不在任何考试词表，也不常见（Zipf 3.22 < 3.3） 
  ✗基础 forced  初中词 
  ✗基础 packed  初中词 
  ✓高中中上 jammed   已被新第 52 篇占用
  ✗冷僻 crammed  不在任何考试词表，也不常见（Zipf 3.19 < 3.3） 
  ✗冷僻 searing  不在任何考试词表，也不常见（Zipf 2.95 < 3.3） 
  ✓雅思 scorching   已被新第 09 篇占用
  ✗冷僻 blistering  不在任何考试词表，也不常见（Zipf 3.00 < 3.3） 
  ✓考研 roaring   已被新第 16 篇占用
  ✓考研 glowing   已被新第 16 篇占用
  ✓考研 glow   与 glowing 是同一个词；已被新第 16 篇占用
  ✗冷僻 tinkered  不在任何考试词表，也不常见（Zipf 3.28 < 3.3） 
  ✓考研 gauges   已被新第 08 篇占用
  ✗冷僻 clatter  不在任何考试词表，也不常见（Zipf 2.65 < 3.3） 
  ✗基础 hummed  初中词 
  ✗基础 humming  初中词 与 hummed 是同一个词
  ✗冷僻 throb  不在任何考试词表，也不常见（Zipf 2.68 < 3.3） 已被新第 53 篇占用
  ✓雅思 throbbing   与 throb 是同一个词；已被新第 53 篇占用
  ✗冷僻 creaked  不在任何考试词表，也不常见（Zipf 2.52 < 3.3） 
  ✗冷僻 sputtered  词频过低（Zipf 2.34） 
  ✗冷僻 gurgled  词频过低（Zipf 2.14） 
  ✗冷僻 dribbling  不在任何考试词表，也不常见（Zipf 3.06 < 3.3） 
  ✓雅思 droplet   已被新第 53 篇占用
  ✗冷僻 fleck  不在任何考试词表，也不常见（Zipf 2.57 < 3.3） 
  ✗冷僻 flecks  不在任何考试词表，也不常见（Zipf 2.57 < 3.3） 与 fleck 是同一个词
  ✗冷僻 globule  词频过低（Zipf 1.63） 
  ✓高中中上 tears   与 tear 是同一个词
  ✗冷僻 teardrop  不在任何考试词表，也不常见（Zipf 2.73 < 3.3） 
分档合计：△高中较常用 2  ✓四六级 1  ✓常用 6  ✓派生 1  ✓考研 16  ✓雅思 6  ✓高中中上 11  ✗冷僻 19  ✗基础 11
