==================================================
  声音分身 VoiceTwin v0.1.6 正在启动
  网页地址：http://127.0.0.1:7890
  浏览器没有自动打开？把上面的地址复制到浏览器地址栏
  使用期间请不要关闭这个黑色窗口（可以最小化）
  不要用鼠标点击这个黑色窗口里面；如果窗口标题出现「选择」两个字，按一下回车键就能继续
==================================================
Running on local URL:  http://127.0.0.1:7890
14:30:14 | 找到 3 个视频/录音
14:30:14 | [第 1/3 个文件] 从视频里提取声音：第1课.mp4（7 MB）
14:30:14 | [第 1/3 个文件] 降噪、统一音量
14:30:18 | [第 1/3 个文件] 切成小段……
14:30:18 |   使用字幕 第1课.srt（76 条）切分
14:30:40 |   切出 76 段
14:30:40 | [第 2/3 个文件] 从视频里提取声音：第2课.mp4（7 MB）
14:30:41 | [第 2/3 个文件] 降噪、统一音量
14:30:43 | [第 2/3 个文件] 切成小段……
14:30:43 |   使用字幕 第2课.srt（76 条）切分
14:31:05 |   切出 76 段
14:31:05 | [第 3/3 个文件] 从视频里提取声音：第3课.mp4（7 MB）
14:31:05 | [第 3/3 个文件] 降噪、统一音量
14:31:07 | [第 3/3 个文件] 切成小段……
14:31:07 |   使用字幕 第3课.srt（76 条）切分
14:31:28 |   切出 76 段
14:31:28 | 分析每段话的语速和停顿（共 228 段）……
14:31:31 | 加载声纹模型，检查每段话是不是你本人的声音……
14:31:32 | 声纹模型不可用，使用简易 MFCC 相似度（仅供参考）。建议安装：pip install webrtcvad-wheels && pip install resemblyzer --no-deps
14:31:32 | 计算声纹 1/228
14:31:32 | 计算声纹 51/228
14:31:33 | 计算声纹 101/228
14:31:33 | 计算声纹 151/228
14:31:34 | 计算声纹 201/228
14:31:34 | 计算声纹 228/228
14:31:34 | 挑选最具代表性的参考音频……
14:31:34 |   主参考（zh）：它和列表推导式非常相似，只是需要同时给出键和值。（5.14 秒）
14:31:34 |   主参考（en）：However, readability always comes first.（3.25 秒）
14:31:34 | 素材整理完成
14:31:34 | 分析你的说话风格（语速、停顿、音高）……
14:31:38 |   中文语速：4.45 音节/秒（不含停顿）
14:31:38 |   中文音高：151 Hz，起伏 0.9 半音
14:31:38 |   英文语速：4.20 音节/秒（不含停顿）
14:31:38 |   英文音高：151 Hz，起伏 0.9 半音
14:31:38 |   停顿习惯：逗号 0.21s / 句号 0.87s / 段落 1.13s
14:31:38 | 素材准备完成
14:31:45 | 准备识别引擎（第一次使用会先下载）……
14:31:45 | 查错字完成：检查了 228 条，其中 2 条可能有错。按规则检查了 228 条（没有可用的第二个识别引擎，能发现的错字比较少）。用时 0.1 秒。
14:31:45 | 查完了：检查了 228 条，其中 2 条可能有错（已标红）
14:31:58 | 检查显卡、整理训练素材（大约半分钟）……
14:31:58 | 实验名 vt_433bc0；版本 v2ProPlus
14:31:58 | 训练素材 208 条，共 15.0 分钟
14:31:58 | 训练计划：显存 12 GB → 每批 6 条；素材 15 分钟（208 条） → 音色 SoVITS 8 轮、语气 GPT 15 轮；音色每 2 轮、语气每 3 轮存一次模型，训练完自动挑最像你的那个；不开 DPO（官方实验功能，没有可靠的证据说明能让声音更像，开了语气训练会慢 2～4 倍；想试可以在高级设置里手动打开）。
14:31:58 | 训练素材有变化，清理旧的特征文件后重新提取
14:31:58 | 检测到素材有变化：这次会从头训练新模型（旧的训练进度已备份到 <草稿目录>/m24i/GSV/logs/vt_433bc0/old_runs/20261001_143158）
14:31:58 | 处理文字（把讲稿转成拼音和特征）
14:31:58 | ▶ 处理文字（详细日志：gsv_1a_text.log）
14:31:58 |   处理文字 1/208
14:31:58 |   处理文字 21/208
14:31:58 |   处理文字 42/208
14:31:58 |   处理文字 63/208
14:31:58 |   处理文字 84/208
14:31:58 |   处理文字 104/208
14:31:58 |   处理文字 125/208
14:31:58 |   处理文字 146/208
14:31:58 |   处理文字 167/208
14:31:58 |   处理文字 188/208
14:31:58 |   处理文字 208/208
14:31:58 | 提取声音特征（比较慢，素材多时要十几分钟）
14:31:58 | ▶ 提取声音特征（详细日志：gsv_1b_hubert.log）
14:32:00 |   提取声音特征 10/208
14:32:04 |   提取声音特征 30/208
14:32:08 |   提取声音特征 50/208
14:32:12 |   提取声音特征 70/208
14:32:16 |   提取声音特征 90/208
14:32:20 |   提取声音特征 110/208
14:32:24 |   提取声音特征 130/208
14:32:28 |   提取声音特征 150/208
14:32:32 |   提取声音特征 170/208
14:32:36 |   提取声音特征 190/208
14:32:40 | 提取声纹
14:32:40 | ▶ 提取声纹（详细日志：gsv_1b_sv.log）
14:32:42 |   提取声纹 10/208
14:32:46 |   提取声纹 30/208
14:32:50 |   提取声纹 50/208
14:32:54 |   提取声纹 70/208
14:32:58 |   提取声纹 90/208
14:33:02 |   提取声纹 110/208
14:33:06 |   提取声纹 130/208
14:33:10 |   提取声纹 150/208
14:33:14 |   提取声纹 170/208
14:33:18 |   提取声纹 190/208
14:33:22 | 提取语义（大约 1~3 分钟）
14:33:22 | ▶ 提取语义（详细日志：gsv_1c_semantic.log）
14:33:22 | 训练音色（SoVITS），共 8 轮……
14:33:22 | ▶ 训练音色（详细日志：gsv_s2_train.log）
14:33:22 |   训练音色：第 1/8 轮（0%）
14:33:22 |   训练音色：第 1/8 轮完成
14:33:22 |   训练音色：第 2/8 轮完成
14:33:22 |   训练音色：第 3/8 轮（50%）
14:33:22 |   训练音色：第 3/8 轮完成
14:33:22 |   训练音色：第 4/8 轮（50%）
14:33:22 |   训练音色：第 4/8 轮完成
14:33:22 |   训练音色：第 5/8 轮完成
14:33:22 |   训练音色：第 6/8 轮完成
14:33:22 |   训练音色：第 7/8 轮（50%）
14:33:22 |   训练音色：第 7/8 轮完成
14:33:22 |   训练音色：第 8/8 轮（50%）
14:33:22 |   训练音色：第 8/8 轮完成
14:33:22 | 训练语气和节奏（GPT），共 15 轮……
14:33:22 | ▶ 训练语气和节奏（详细日志：gsv_s1_train.log）
14:33:22 |   训练语气和节奏：第 1/15 轮（50%）
14:33:22 |   训练语气和节奏：第 2/15 轮（50%）
14:33:22 |   训练语气和节奏：第 3/15 轮（100%）
14:33:22 |   训练语气和节奏：第 5/15 轮（50%）
14:33:22 |   训练语气和节奏：第 6/15 轮（100%）
14:33:22 |   训练语气和节奏：第 8/15 轮（50%）
14:33:22 |   训练语气和节奏：第 9/15 轮（100%）
14:33:22 |   训练语气和节奏：第 11/15 轮（50%）
14:33:22 |   训练语气和节奏：第 12/15 轮（100%）
14:33:22 |   训练语气和节奏：第 14/15 轮（50%）
14:33:22 |   训练语气和节奏：第 15/15 轮（100%）
14:33:22 | 保存模型……
14:33:22 | GPT-SoVITS 训练完成
14:33:22 | 训练完成，开始自动挑选最像你的模型（大约 5~15 分钟）
14:33:22 | 加载声纹和识别模型（第一次使用会先下载）……
14:33:22 | 声纹模型不可用，使用简易 MFCC 相似度（仅供参考）。建议安装：pip install webrtcvad-wheels && pip install resemblyzer --no-deps
14:33:22 | 部分声纹模型没有用上：eres2netv2：没有找到 <草稿目录>/m24i/GSV/GPT_SoVITS/eres2net/ERes2NetV2.py
14:33:23 | 识别校验不可用（未安装 faster-whisper：请执行 pip install "voicetwin[asr]"），将只用声纹和节奏打分
14:33:23 | 启动合成引擎（第一次大约 1~2 分钟）……
14:33:23 | 启动 GPT-SoVITS 推理服务（端口 19993，模型 s8-g15）……
14:33:25 | GPT-SoVITS 推理服务已就绪
14:33:25 | 共 12 个模型 × 20 句验证集，逐个试听（声纹模型：简易 MFCC（仅供参考））
14:33:25 | 切换到模型 s2-g6（第 1/12 个）
14:33:27 |   s2-g6：像你本人 71.6% / 相似度 0.716 / 与原句 0.694 / 节奏偏差 0.266 → 综合 1.197
14:33:27 | 切换到模型 s2-g12（第 2/12 个）
14:33:30 |   s2-g12：像你本人 70.6% / 相似度 0.706 / 与原句 0.682 / 节奏偏差 0.472 → 综合 1.010
14:33:30 | 切换到模型 s2-g15（第 3/12 个）
14:33:33 |   s2-g15：像你本人 70.2% / 相似度 0.701 / 与原句 0.678 / 节奏偏差 0.562 → 综合 0.930
14:33:33 | 切换到模型 s4-g6（第 4/12 个）
14:33:35 |   s4-g6：像你本人 71.6% / 相似度 0.716 / 与原句 0.694 / 节奏偏差 0.266 → 综合 1.197
14:33:35 | 切换到模型 s4-g12（第 5/12 个）
14:33:38 |   s4-g12：像你本人 70.6% / 相似度 0.706 / 与原句 0.682 / 节奏偏差 0.472 → 综合 1.010
14:33:38 | 切换到模型 s4-g15（第 6/12 个）
14:33:41 |   s4-g15：像你本人 70.2% / 相似度 0.701 / 与原句 0.678 / 节奏偏差 0.562 → 综合 0.930
14:33:41 | 切换到模型 s6-g6（第 7/12 个）
14:33:43 |   s6-g6：像你本人 71.6% / 相似度 0.716 / 与原句 0.694 / 节奏偏差 0.266 → 综合 1.197
14:33:43 | 切换到模型 s6-g12（第 8/12 个）
14:33:46 |   s6-g12：像你本人 70.6% / 相似度 0.706 / 与原句 0.682 / 节奏偏差 0.472 → 综合 1.010
14:33:46 | 切换到模型 s6-g15（第 9/12 个）
14:33:48 |   s6-g15：像你本人 70.2% / 相似度 0.701 / 与原句 0.678 / 节奏偏差 0.562 → 综合 0.930
14:33:48 | 切换到模型 s8-g6（第 10/12 个）
14:33:51 |   s8-g6：像你本人 71.6% / 相似度 0.716 / 与原句 0.694 / 节奏偏差 0.266 → 综合 1.197
14:33:51 | 切换到模型 s8-g12（第 11/12 个）
14:33:53 |   s8-g12：像你本人 70.6% / 相似度 0.706 / 与原句 0.682 / 节奏偏差 0.472 → 综合 1.010
14:33:53 | 切换到模型 s8-g15（第 12/12 个）
14:33:56 |   s8-g15：像你本人 70.2% / 相似度 0.701 / 与原句 0.678 / 节奏偏差 0.562 → 综合 0.930
14:33:56 | 最佳模型：s2-g6（像你本人 71.6%）；语速校准：{'zh': 1.25, 'en': 1.25}
14:33:57 | 训练完成
14:34:02 | 质量 balanced（均衡），语速系数 1.0
14:34:02 | 共 4 句，引擎 GPT-SoVITS，质量「均衡」（每句做 3 遍，挑最像你的）
14:34:02 | 启动 GPT-SoVITS 推理服务（端口 19994，模型 s2-g6）……
14:34:04 | GPT-SoVITS 推理服务已就绪
14:34:04 | 部分声纹模型没有用上：eres2netv2：没有找到 <草稿目录>/m24i/GSV/GPT_SoVITS/eres2net/ERes2NetV2.py
14:34:04 | 声纹打分模型：简易 MFCC（仅供参考）（100% = 和你自己的真实录音一样像）
14:34:04 | [1/4] 生成：大家好，欢迎回来。（像你本人 77.8%）
14:34:04 | [2/4] 生成：今天我们来学习生成器表达式。（像你本人 75.3%）
14:34:05 | [3/4] 生成：那么它和列表推导式有什么区别呢？（像你本人 74.3%）
14:34:05 | [4/4] 生成：我们一起来看一个例子。（像你本人 76.4%）
14:34:05 | 输出响度 -17.5 LUFS，时长 14.0 秒
14:34:05 | 本次生成：共 4 句（新生成 4 句），平均每句试了 3.0 次。
14:34:05 | 整篇像你本人 75.7%（100% = 和你自己的真实录音一样像；相似度是声纹模型自动打分，越高越像，但不是绝对精确，最终以耳朵为准）。
14:34:05 | 没有需要特别注意的句子。
14:34:13 | 质量 balanced（均衡），语速系数 1.0
14:34:13 | ❌ 出错了：讲稿是空的。怎么办：在「讲稿」框里粘贴文字，或者上传 txt / Word 文件。
Traceback (most recent call last):
  File "<仓库>/voicetwin/webui/tasks.py", line 201, in _run
    task.state["value"] = fn(*args, **kwargs)
  File "<仓库>/voicetwin/workflows.py", line 583, in run_narrate
    return narrator.narrate(src_path if is_file else source, out_path, redo=redo, subtitles=subtitles)
  File "<仓库>/voicetwin/synth/engine.py", line 807, in narrate
    raise ValueError("讲稿里没有可以朗读的内容")
ValueError: 讲稿里没有可以朗读的内容
14:34:13 | （详细的出错信息已保存在：<草稿目录>/m24i/ws/我的声音/logs/prepare.log）
14:34:18 | 加载声纹模型，计算你本人的声音标准……
14:34:18 | 部分声纹模型没有用上：eres2netv2：没有找到 <草稿目录>/m24i/GSV/GPT_SoVITS/eres2net/ERes2NetV2.py
14:34:18 | 打分 1/5：大家好_欢迎回来_10月01日14点34分.wav
14:34:18 | 打分 2/5：4114888b6e801232.wav
14:34:18 | 打分 3/5：9249fcb7c87123d1.wav
14:34:18 | 打分 4/5：7cd4aeb402cf56f6.wav
14:34:18 | 打分 5/5：87eca19bd3760a65.wav
14:34:18 | 打分完成：共 5 个文件，0 个达到 85%
14:34:23 | 质量 perfect（完美），语速系数 1.0
14:34:23 | 共 2 句，引擎 GPT-SoVITS，质量「完美」（每句最多试 20 次，达到严格标准就停，识别校验）
14:34:23 | 启动 GPT-SoVITS 推理服务（端口 19995，模型 s2-g6）……
14:34:25 | GPT-SoVITS 推理服务已就绪
14:34:25 | 部分声纹模型没有用上：eres2netv2：没有找到 <草稿目录>/m24i/GSV/GPT_SoVITS/eres2net/ERes2NetV2.py
14:34:25 | 声纹打分模型：简易 MFCC（仅供参考）（100% = 和你自己的真实录音一样像）
14:34:25 | 识别校验不可用（未安装 faster-whisper：请执行 pip install "voicetwin[asr]"），将只用声纹和节奏打分
14:34:26 | [1/2] 生成：同学们好，今天讲一个新的例子。（像你本人 74.8%）
14:34:26 | [2/2] 生成：请大家先想一想。（像你本人 78.4%）
14:34:26 | 输出响度 -17.5 LUFS，时长 6.5 秒
14:34:26 | 输出响度 -17.5 LUFS，时长 6.5 秒
14:34:26 | ⭐ 推荐：版本 A：未去杂音，更像你的原声（像你本人 72.3%，另一个版本 72.3%，相差 0.0%；综合分 1.401 对 1.401）
14:34:26 | 本次生成：共 2 句（新生成 2 句），平均每句试了 4.0 次；2 句达到了「完美」的严格标准。
14:34:26 | 整篇像你本人 72.3%（100% = 和你自己的真实录音一样像；相似度是声纹模型自动打分，越高越像，但不是绝对精确，最终以耳朵为准）。
14:34:26 | 没有需要特别注意的句子。
14:34:30 | 最终版本改成「去杂音」：<草稿目录>/m24i/ws/我的声音/outputs/同学们好_今天讲一个新的例子_10月01日14点34分.wav
